<?xml version="1.0"?>
<link_info>
   <banner>MSP430 Linker PC v4.4.3</banner>
   <copyright>Copyright (c) 2003-2015 Texas Instruments Incorporated</copyright>
   <link_time>0x557f0290</link_time>
   <link_errors>0x0</link_errors>
   <output_file>Real1.out</output_file>
   <entry_point>
      <name>_c_int00_noargs_noexit</name>
      <address>0xea6a</address>
   </entry_point>
   <input_file_list>
      <input_file id="fl-2">
         <path>.\</path>
         <kind>object</kind>
         <file>main.obj</file>
         <name>main.obj</name>
      </input_file>
      <input_file id="fl-31">
         <path>C:\ti\ccsv6\tools\compiler\ti-cgt-msp430_4.4.3\lib\</path>
         <kind>archive</kind>
         <file>rts430_eabi.lib</file>
         <name>acos.obj</name>
      </input_file>
      <input_file id="fl-32">
         <path>C:\ti\ccsv6\tools\compiler\ti-cgt-msp430_4.4.3\lib\</path>
         <kind>archive</kind>
         <file>rts430_eabi.lib</file>
         <name>addd.obj</name>
      </input_file>
      <input_file id="fl-33">
         <path>C:\ti\ccsv6\tools\compiler\ti-cgt-msp430_4.4.3\lib\</path>
         <kind>archive</kind>
         <file>rts430_eabi.lib</file>
         <name>asr16.obj</name>
      </input_file>
      <input_file id="fl-34">
         <path>C:\ti\ccsv6\tools\compiler\ti-cgt-msp430_4.4.3\lib\</path>
         <kind>archive</kind>
         <file>rts430_eabi.lib</file>
         <name>boot.obj</name>
      </input_file>
      <input_file id="fl-35">
         <path>C:\ti\ccsv6\tools\compiler\ti-cgt-msp430_4.4.3\lib\</path>
         <kind>archive</kind>
         <file>rts430_eabi.lib</file>
         <name>boot_special.obj</name>
      </input_file>
      <input_file id="fl-36">
         <path>C:\ti\ccsv6\tools\compiler\ti-cgt-msp430_4.4.3\lib\</path>
         <kind>archive</kind>
         <file>rts430_eabi.lib</file>
         <name>cmpd.obj</name>
      </input_file>
      <input_file id="fl-37">
         <path>C:\ti\ccsv6\tools\compiler\ti-cgt-msp430_4.4.3\lib\</path>
         <kind>archive</kind>
         <file>rts430_eabi.lib</file>
         <name>copy_decompress_none.obj</name>
      </input_file>
      <input_file id="fl-38">
         <path>C:\ti\ccsv6\tools\compiler\ti-cgt-msp430_4.4.3\lib\</path>
         <kind>archive</kind>
         <file>rts430_eabi.lib</file>
         <name>copy_decompress_rle.obj</name>
      </input_file>
      <input_file id="fl-39">
         <path>C:\ti\ccsv6\tools\compiler\ti-cgt-msp430_4.4.3\lib\</path>
         <kind>archive</kind>
         <file>rts430_eabi.lib</file>
         <name>copy_zero_init.obj</name>
      </input_file>
      <input_file id="fl-3a">
         <path>C:\ti\ccsv6\tools\compiler\ti-cgt-msp430_4.4.3\lib\</path>
         <kind>archive</kind>
         <file>rts430_eabi.lib</file>
         <name>divd.obj</name>
      </input_file>
      <input_file id="fl-3b">
         <path>C:\ti\ccsv6\tools\compiler\ti-cgt-msp430_4.4.3\lib\</path>
         <kind>archive</kind>
         <file>rts430_eabi.lib</file>
         <name>epilog.obj</name>
      </input_file>
      <input_file id="fl-3c">
         <path>C:\ti\ccsv6\tools\compiler\ti-cgt-msp430_4.4.3\lib\</path>
         <kind>archive</kind>
         <file>rts430_eabi.lib</file>
         <name>exit.obj</name>
      </input_file>
      <input_file id="fl-3d">
         <path>C:\ti\ccsv6\tools\compiler\ti-cgt-msp430_4.4.3\lib\</path>
         <kind>archive</kind>
         <file>rts430_eabi.lib</file>
         <name>fixdi.obj</name>
      </input_file>
      <input_file id="fl-3e">
         <path>C:\ti\ccsv6\tools\compiler\ti-cgt-msp430_4.4.3\lib\</path>
         <kind>archive</kind>
         <file>rts430_eabi.lib</file>
         <name>fixdli.obj</name>
      </input_file>
      <input_file id="fl-3f">
         <path>C:\ti\ccsv6\tools\compiler\ti-cgt-msp430_4.4.3\lib\</path>
         <kind>archive</kind>
         <file>rts430_eabi.lib</file>
         <name>fltid.obj</name>
      </input_file>
      <input_file id="fl-40">
         <path>C:\ti\ccsv6\tools\compiler\ti-cgt-msp430_4.4.3\lib\</path>
         <kind>archive</kind>
         <file>rts430_eabi.lib</file>
         <name>fltlid.obj</name>
      </input_file>
      <input_file id="fl-41">
         <path>C:\ti\ccsv6\tools\compiler\ti-cgt-msp430_4.4.3\lib\</path>
         <kind>archive</kind>
         <file>rts430_eabi.lib</file>
         <name>frcaddd.obj</name>
      </input_file>
      <input_file id="fl-42">
         <path>C:\ti\ccsv6\tools\compiler\ti-cgt-msp430_4.4.3\lib\</path>
         <kind>archive</kind>
         <file>rts430_eabi.lib</file>
         <name>frcdivd.obj</name>
      </input_file>
      <input_file id="fl-43">
         <path>C:\ti\ccsv6\tools\compiler\ti-cgt-msp430_4.4.3\lib\</path>
         <kind>archive</kind>
         <file>rts430_eabi.lib</file>
         <name>int02.obj</name>
      </input_file>
      <input_file id="fl-44">
         <path>C:\ti\ccsv6\tools\compiler\ti-cgt-msp430_4.4.3\lib\</path>
         <kind>archive</kind>
         <file>rts430_eabi.lib</file>
         <name>int03.obj</name>
      </input_file>
      <input_file id="fl-45">
         <path>C:\ti\ccsv6\tools\compiler\ti-cgt-msp430_4.4.3\lib\</path>
         <kind>archive</kind>
         <file>rts430_eabi.lib</file>
         <name>int05.obj</name>
      </input_file>
      <input_file id="fl-46">
         <path>C:\ti\ccsv6\tools\compiler\ti-cgt-msp430_4.4.3\lib\</path>
         <kind>archive</kind>
         <file>rts430_eabi.lib</file>
         <name>int07.obj</name>
      </input_file>
      <input_file id="fl-47">
         <path>C:\ti\ccsv6\tools\compiler\ti-cgt-msp430_4.4.3\lib\</path>
         <kind>archive</kind>
         <file>rts430_eabi.lib</file>
         <name>int08.obj</name>
      </input_file>
      <input_file id="fl-48">
         <path>C:\ti\ccsv6\tools\compiler\ti-cgt-msp430_4.4.3\lib\</path>
         <kind>archive</kind>
         <file>rts430_eabi.lib</file>
         <name>int09.obj</name>
      </input_file>
      <input_file id="fl-49">
         <path>C:\ti\ccsv6\tools\compiler\ti-cgt-msp430_4.4.3\lib\</path>
         <kind>archive</kind>
         <file>rts430_eabi.lib</file>
         <name>int10.obj</name>
      </input_file>
      <input_file id="fl-4a">
         <path>C:\ti\ccsv6\tools\compiler\ti-cgt-msp430_4.4.3\lib\</path>
         <kind>archive</kind>
         <file>rts430_eabi.lib</file>
         <name>int11.obj</name>
      </input_file>
      <input_file id="fl-4b">
         <path>C:\ti\ccsv6\tools\compiler\ti-cgt-msp430_4.4.3\lib\</path>
         <kind>archive</kind>
         <file>rts430_eabi.lib</file>
         <name>int12.obj</name>
      </input_file>
      <input_file id="fl-4c">
         <path>C:\ti\ccsv6\tools\compiler\ti-cgt-msp430_4.4.3\lib\</path>
         <kind>archive</kind>
         <file>rts430_eabi.lib</file>
         <name>int13.obj</name>
      </input_file>
      <input_file id="fl-4d">
         <path>C:\ti\ccsv6\tools\compiler\ti-cgt-msp430_4.4.3\lib\</path>
         <kind>archive</kind>
         <file>rts430_eabi.lib</file>
         <name>int14.obj</name>
      </input_file>
      <input_file id="fl-4e">
         <path>C:\ti\ccsv6\tools\compiler\ti-cgt-msp430_4.4.3\lib\</path>
         <kind>archive</kind>
         <file>rts430_eabi.lib</file>
         <name>isr_trap.obj</name>
      </input_file>
      <input_file id="fl-4f">
         <path>C:\ti\ccsv6\tools\compiler\ti-cgt-msp430_4.4.3\lib\</path>
         <kind>archive</kind>
         <file>rts430_eabi.lib</file>
         <name>lsl16.obj</name>
      </input_file>
      <input_file id="fl-50">
         <path>C:\ti\ccsv6\tools\compiler\ti-cgt-msp430_4.4.3\lib\</path>
         <kind>archive</kind>
         <file>rts430_eabi.lib</file>
         <name>lsl32.obj</name>
      </input_file>
      <input_file id="fl-51">
         <path>C:\ti\ccsv6\tools\compiler\ti-cgt-msp430_4.4.3\lib\</path>
         <kind>archive</kind>
         <file>rts430_eabi.lib</file>
         <name>lsr16.obj</name>
      </input_file>
      <input_file id="fl-52">
         <path>C:\ti\ccsv6\tools\compiler\ti-cgt-msp430_4.4.3\lib\</path>
         <kind>archive</kind>
         <file>rts430_eabi.lib</file>
         <name>lsr32.obj</name>
      </input_file>
      <input_file id="fl-53">
         <path>C:\ti\ccsv6\tools\compiler\ti-cgt-msp430_4.4.3\lib\</path>
         <kind>archive</kind>
         <file>rts430_eabi.lib</file>
         <name>memcpy.obj</name>
      </input_file>
      <input_file id="fl-54">
         <path>C:\ti\ccsv6\tools\compiler\ti-cgt-msp430_4.4.3\lib\</path>
         <kind>archive</kind>
         <file>rts430_eabi.lib</file>
         <name>mpu_init.obj</name>
      </input_file>
      <input_file id="fl-55">
         <path>C:\ti\ccsv6\tools\compiler\ti-cgt-msp430_4.4.3\lib\</path>
         <kind>archive</kind>
         <file>rts430_eabi.lib</file>
         <name>mpyd.obj</name>
      </input_file>
      <input_file id="fl-56">
         <path>C:\ti\ccsv6\tools\compiler\ti-cgt-msp430_4.4.3\lib\</path>
         <kind>archive</kind>
         <file>rts430_eabi.lib</file>
         <name>mult16.obj</name>
      </input_file>
      <input_file id="fl-57">
         <path>C:\ti\ccsv6\tools\compiler\ti-cgt-msp430_4.4.3\lib\</path>
         <kind>archive</kind>
         <file>rts430_eabi.lib</file>
         <name>mult32.obj</name>
      </input_file>
      <input_file id="fl-58">
         <path>C:\ti\ccsv6\tools\compiler\ti-cgt-msp430_4.4.3\lib\</path>
         <kind>archive</kind>
         <file>rts430_eabi.lib</file>
         <name>negd.obj</name>
      </input_file>
      <input_file id="fl-59">
         <path>C:\ti\ccsv6\tools\compiler\ti-cgt-msp430_4.4.3\lib\</path>
         <kind>archive</kind>
         <file>rts430_eabi.lib</file>
         <name>pre_init.obj</name>
      </input_file>
      <input_file id="fl-5a">
         <path>C:\ti\ccsv6\tools\compiler\ti-cgt-msp430_4.4.3\lib\</path>
         <kind>archive</kind>
         <file>rts430_eabi.lib</file>
         <name>renormd.obj</name>
      </input_file>
      <input_file id="fl-5b">
         <path>C:\ti\ccsv6\tools\compiler\ti-cgt-msp430_4.4.3\lib\</path>
         <kind>archive</kind>
         <file>rts430_eabi.lib</file>
         <name>round.obj</name>
      </input_file>
      <input_file id="fl-5c">
         <path>C:\ti\ccsv6\tools\compiler\ti-cgt-msp430_4.4.3\lib\</path>
         <kind>archive</kind>
         <file>rts430_eabi.lib</file>
         <name>sprintf.obj</name>
      </input_file>
      <input_file id="fl-5d">
         <path>C:\ti\ccsv6\tools\compiler\ti-cgt-msp430_4.4.3\lib\</path>
         <kind>archive</kind>
         <file>rts430_eabi.lib</file>
         <name>sqrt.obj</name>
      </input_file>
      <input_file id="fl-5e">
         <path>C:\ti\ccsv6\tools\compiler\ti-cgt-msp430_4.4.3\lib\</path>
         <kind>archive</kind>
         <file>rts430_eabi.lib</file>
         <name>subd.obj</name>
      </input_file>
      <input_file id="fl-5f">
         <path>C:\ti\ccsv6\tools\compiler\ti-cgt-msp430_4.4.3\lib\</path>
         <kind>archive</kind>
         <file>rts430_eabi.lib</file>
         <name>xatan.obj</name>
      </input_file>
      <input_file id="fl-60">
         <path>C:\ti\ccsv6\tools\compiler\ti-cgt-msp430_4.4.3\lib\</path>
         <kind>archive</kind>
         <file>rts430_eabi.lib</file>
         <name>xdint.obj</name>
      </input_file>
      <input_file id="fl-61">
         <path>C:\ti\ccsv6\tools\compiler\ti-cgt-msp430_4.4.3\lib\</path>
         <kind>archive</kind>
         <file>rts430_eabi.lib</file>
         <name>xdscale.obj</name>
      </input_file>
      <input_file id="fl-62">
         <path>C:\ti\ccsv6\tools\compiler\ti-cgt-msp430_4.4.3\lib\</path>
         <kind>archive</kind>
         <file>rts430_eabi.lib</file>
         <name>xdunscal.obj</name>
      </input_file>
      <input_file id="fl-63">
         <path>C:\ti\ccsv6\tools\compiler\ti-cgt-msp430_4.4.3\lib\</path>
         <kind>archive</kind>
         <file>rts430_eabi.lib</file>
         <name>xferaise.obj</name>
      </input_file>
      <input_file id="fl-64">
         <path>C:\ti\ccsv6\tools\compiler\ti-cgt-msp430_4.4.3\lib\</path>
         <kind>archive</kind>
         <file>rts430_eabi.lib</file>
         <name>xvalues.obj</name>
      </input_file>
      <input_file id="fl-65">
         <path>C:\ti\ccsv6\tools\compiler\ti-cgt-msp430_4.4.3\lib\</path>
         <kind>archive</kind>
         <file>rts430_eabi.lib</file>
         <name>_lock.obj</name>
      </input_file>
      <input_file id="fl-66">
         <path>C:\ti\ccsv6\tools\compiler\ti-cgt-msp430_4.4.3\lib\</path>
         <kind>archive</kind>
         <file>rts430_eabi.lib</file>
         <name>_printfi_min.obj</name>
      </input_file>
      <input_file id="fl-67">
         <path>C:\ti\ccsv6\tools\compiler\ti-cgt-msp430_4.4.3\lib\</path>
         <kind>archive</kind>
         <file>rts430_eabi.lib</file>
         <name>args_main.obj</name>
      </input_file>
      <input_file id="fl-68">
         <path>C:\ti\ccsv6\tools\compiler\ti-cgt-msp430_4.4.3\lib\</path>
         <kind>archive</kind>
         <file>rts430_eabi.lib</file>
         <name>asr32.obj</name>
      </input_file>
      <input_file id="fl-69">
         <path>C:\ti\ccsv6\tools\compiler\ti-cgt-msp430_4.4.3\lib\</path>
         <kind>archive</kind>
         <file>rts430_eabi.lib</file>
         <name>autoinit.obj</name>
      </input_file>
      <input_file id="fl-6a">
         <path>C:\ti\ccsv6\tools\compiler\ti-cgt-msp430_4.4.3\lib\</path>
         <kind>archive</kind>
         <file>rts430_eabi.lib</file>
         <name>div16s.obj</name>
      </input_file>
      <input_file id="fl-6b">
         <path>C:\ti\ccsv6\tools\compiler\ti-cgt-msp430_4.4.3\lib\</path>
         <kind>archive</kind>
         <file>rts430_eabi.lib</file>
         <name>div16u.obj</name>
      </input_file>
      <input_file id="fl-6c">
         <path>C:\ti\ccsv6\tools\compiler\ti-cgt-msp430_4.4.3\lib\</path>
         <kind>archive</kind>
         <file>rts430_eabi.lib</file>
         <name>errno.obj</name>
      </input_file>
      <input_file id="fl-6d">
         <path>C:\ti\ccsv6\tools\compiler\ti-cgt-msp430_4.4.3\lib\</path>
         <kind>archive</kind>
         <file>rts430_eabi.lib</file>
         <name>feraiseexcept.obj</name>
      </input_file>
      <input_file id="fl-6e">
         <path>C:\ti\ccsv6\tools\compiler\ti-cgt-msp430_4.4.3\lib\</path>
         <kind>archive</kind>
         <file>rts430_eabi.lib</file>
         <name>frcmpyd.obj</name>
      </input_file>
      <input_file id="fl-6f">
         <path>C:\ti\ccsv6\tools\compiler\ti-cgt-msp430_4.4.3\lib\</path>
         <kind>archive</kind>
         <file>rts430_eabi.lib</file>
         <name>memccpy.obj</name>
      </input_file>
      <input_file id="fl-70">
         <path>C:\ti\ccsv6\tools\compiler\ti-cgt-msp430_4.4.3\lib\</path>
         <kind>archive</kind>
         <file>rts430_eabi.lib</file>
         <name>memset.obj</name>
      </input_file>
      <input_file id="fl-71">
         <path>C:\ti\ccsv6\tools\compiler\ti-cgt-msp430_4.4.3\lib\</path>
         <kind>archive</kind>
         <file>rts430_eabi.lib</file>
         <name>raise.obj</name>
      </input_file>
      <input_file id="fl-72">
         <path>C:\ti\ccsv6\tools\compiler\ti-cgt-msp430_4.4.3\lib\</path>
         <kind>archive</kind>
         <file>rts430_eabi.lib</file>
         <name>signal.obj</name>
      </input_file>
      <input_file id="fl-73">
         <path>C:\ti\ccsv6\tools\compiler\ti-cgt-msp430_4.4.3\lib\</path>
         <kind>archive</kind>
         <file>rts430_eabi.lib</file>
         <name>strlen.obj</name>
      </input_file>
      <input_file id="fl-74">
         <path>C:\ti\ccsv6\tools\compiler\ti-cgt-msp430_4.4.3\lib\</path>
         <kind>archive</kind>
         <file>rts430_eabi.lib</file>
         <name>xdnorm.obj</name>
      </input_file>
   </input_file_list>
   <object_component_list>
      <object_component id="oc-89">
         <name>.stack</name>
         <uninitialized>true</uninitialized>
         <run_address>0x3b0</run_address>
         <size>0x2</size>
         <input_file_ref idref="fl-34"/>
      </object_component>
      <object_component id="oc-3d0">
         <name>.stack</name>
         <uninitialized>true</uninitialized>
         <run_address>0x3b0</run_address>
         <size>0x0</size>
      </object_component>
      <object_component id="oc-1e4">
         <name>.text:__TI_frcdivd</name>
         <load_address>0xc000</load_address>
         <run_address>0xc000</run_address>
         <size>0x462</size>
         <input_file_ref idref="fl-42"/>
      </object_component>
      <object_component id="oc-1fb">
         <name>.text:__TI_frcmpyd</name>
         <load_address>0xc462</load_address>
         <run_address>0xc462</run_address>
         <size>0x2f4</size>
         <input_file_ref idref="fl-6e"/>
      </object_component>
      <object_component id="oc-152">
         <name>.text:__mspabi_addd</name>
         <load_address>0xc756</load_address>
         <run_address>0xc756</run_address>
         <size>0x2e8</size>
         <input_file_ref idref="fl-32"/>
      </object_component>
      <object_component id="oc-22c">
         <name>.text:_Atan</name>
         <load_address>0xca3e</load_address>
         <run_address>0xca3e</run_address>
         <size>0x2de</size>
         <input_file_ref idref="fl-5f"/>
      </object_component>
      <object_component id="oc-d9">
         <name>.text:main</name>
         <load_address>0xcd1c</load_address>
         <run_address>0xcd1c</run_address>
         <size>0x272</size>
         <input_file_ref idref="fl-2"/>
      </object_component>
      <object_component id="oc-14c">
         <name>.text:__mspabi_mpyd</name>
         <load_address>0xcf8e</load_address>
         <run_address>0xcf8e</run_address>
         <size>0x26e</size>
         <input_file_ref idref="fl-55"/>
      </object_component>
      <object_component id="oc-203">
         <name>.text:__TI_frcaddd</name>
         <load_address>0xd1fc</load_address>
         <run_address>0xd1fc</run_address>
         <size>0x260</size>
         <input_file_ref idref="fl-41"/>
      </object_component>
      <object_component id="oc-146">
         <name>.text:__mspabi_divd</name>
         <load_address>0xd45c</load_address>
         <run_address>0xd45c</run_address>
         <size>0x238</size>
         <input_file_ref idref="fl-3a"/>
      </object_component>
      <object_component id="oc-158">
         <name>.text:sqrt</name>
         <load_address>0xd694</load_address>
         <run_address>0xd694</run_address>
         <size>0x1f8</size>
         <input_file_ref idref="fl-5d"/>
      </object_component>
      <object_component id="oc-216">
         <name>.text:_Dscale</name>
         <load_address>0xd88c</load_address>
         <run_address>0xd88c</run_address>
         <size>0x1b4</size>
         <input_file_ref idref="fl-61"/>
      </object_component>
      <object_component id="oc-15e">
         <name>.text:acos</name>
         <load_address>0xda40</load_address>
         <run_address>0xda40</run_address>
         <size>0x164</size>
         <input_file_ref idref="fl-31"/>
      </object_component>
      <object_component id="oc-2e2">
         <name>.text:_setfield</name>
         <load_address>0xdba4</load_address>
         <run_address>0xdba4</run_address>
         <size>0x116</size>
         <input_file_ref idref="fl-66"/>
      </object_component>
      <object_component id="oc-2a7">
         <name>.text:_Dnorm</name>
         <load_address>0xdcba</load_address>
         <run_address>0xdcba</run_address>
         <size>0x110</size>
         <input_file_ref idref="fl-74"/>
      </object_component>
      <object_component id="oc-226">
         <name>.text:__mspabi_cmpd</name>
         <load_address>0xddca</load_address>
         <run_address>0xddca</run_address>
         <size>0xdc</size>
         <input_file_ref idref="fl-36"/>
      </object_component>
      <object_component id="oc-236">
         <name>.text:_Dint</name>
         <load_address>0xdea6</load_address>
         <run_address>0xdea6</run_address>
         <size>0xcc</size>
         <input_file_ref idref="fl-60"/>
      </object_component>
      <object_component id="oc-251">
         <name>.text:__TI_printfi_minimal</name>
         <load_address>0xdf72</load_address>
         <run_address>0xdf72</run_address>
         <size>0xca</size>
         <input_file_ref idref="fl-66"/>
      </object_component>
      <object_component id="oc-171">
         <name>.text:round</name>
         <load_address>0xe03c</load_address>
         <run_address>0xe03c</run_address>
         <size>0xc4</size>
         <input_file_ref idref="fl-5b"/>
      </object_component>
      <object_component id="oc-29d">
         <name>.text:__TI_renormd</name>
         <load_address>0xe100</load_address>
         <run_address>0xe100</run_address>
         <size>0xbe</size>
         <input_file_ref idref="fl-5a"/>
      </object_component>
      <object_component id="oc-1d8">
         <name>.text:__mspabi_fltlid</name>
         <load_address>0xe1be</load_address>
         <run_address>0xe1be</run_address>
         <size>0xa2</size>
         <input_file_ref idref="fl-40"/>
      </object_component>
      <object_component id="oc-ac">
         <name>.text:USCIAB0TX_ISR</name>
         <load_address>0xe260</load_address>
         <run_address>0xe260</run_address>
         <size>0x96</size>
         <input_file_ref idref="fl-2"/>
      </object_component>
      <object_component id="oc-20b">
         <name>.text:_Dunscale</name>
         <load_address>0xe2f6</load_address>
         <run_address>0xe2f6</run_address>
         <size>0x7c</size>
         <input_file_ref idref="fl-62"/>
      </object_component>
      <object_component id="oc-23d">
         <name>.text:__mspabi_fixdli</name>
         <load_address>0xe372</load_address>
         <run_address>0xe372</run_address>
         <size>0x72</size>
         <input_file_ref idref="fl-3e"/>
      </object_component>
      <object_component id="oc-9a">
         <name>.text:__TI_decompress_rle_core</name>
         <load_address>0xe3e4</load_address>
         <run_address>0xe3e4</run_address>
         <size>0x64</size>
         <input_file_ref idref="fl-38"/>
      </object_component>
      <object_component id="oc-26d">
         <name>.text:l_lsr_const</name>
         <load_address>0xe448</load_address>
         <run_address>0xe448</run_address>
         <size>0x5c</size>
         <input_file_ref idref="fl-52"/>
      </object_component>
      <object_component id="oc-bf">
         <name>.text:_auto_init</name>
         <load_address>0xe4a4</load_address>
         <run_address>0xe4a4</run_address>
         <size>0x58</size>
         <input_file_ref idref="fl-69"/>
      </object_component>
      <object_component id="oc-369">
         <name>.text:_ltostr</name>
         <load_address>0xe4fc</load_address>
         <run_address>0xe4fc</run_address>
         <size>0x56</size>
         <input_file_ref idref="fl-66"/>
      </object_component>
      <object_component id="oc-339">
         <name>.text:_pproc_diouxp</name>
         <load_address>0xe552</load_address>
         <run_address>0xe552</run_address>
         <size>0x4e</size>
         <input_file_ref idref="fl-66"/>
      </object_component>
      <object_component id="oc-138">
         <name>.text:getMotion6</name>
         <load_address>0xe5a0</load_address>
         <run_address>0xe5a0</run_address>
         <size>0x4e</size>
         <input_file_ref idref="fl-2"/>
      </object_component>
      <object_component id="oc-1df">
         <name>.text</name>
         <load_address>0xe5ee</load_address>
         <run_address>0xe5ee</run_address>
         <size>0x4c</size>
         <input_file_ref idref="fl-51"/>
      </object_component>
      <object_component id="oc-2e8">
         <name>.text:_pproc_str</name>
         <load_address>0xe63a</load_address>
         <run_address>0xe63a</run_address>
         <size>0x48</size>
         <input_file_ref idref="fl-66"/>
      </object_component>
      <object_component id="oc-27a">
         <name>.text:l_asr_const</name>
         <load_address>0xe682</load_address>
         <run_address>0xe682</run_address>
         <size>0x3e</size>
         <input_file_ref idref="fl-68"/>
      </object_component>
      <object_component id="oc-268">
         <name>.text:l_lsl_const</name>
         <load_address>0xe6c0</load_address>
         <run_address>0xe6c0</run_address>
         <size>0x3e</size>
         <input_file_ref idref="fl-50"/>
      </object_component>
      <object_component id="oc-1d1">
         <name>.text:ReadBytes</name>
         <load_address>0xe6fe</load_address>
         <run_address>0xe6fe</run_address>
         <size>0x38</size>
         <input_file_ref idref="fl-2"/>
      </object_component>
      <object_component id="oc-355">
         <name>.text:signal</name>
         <load_address>0xe736</load_address>
         <run_address>0xe736</run_address>
         <size>0x38</size>
         <input_file_ref idref="fl-72"/>
      </object_component>
      <object_component id="oc-188">
         <name>.text:sprintf</name>
         <load_address>0xe76e</load_address>
         <run_address>0xe76e</run_address>
         <size>0x38</size>
         <input_file_ref idref="fl-5c"/>
      </object_component>
      <object_component id="oc-129">
         <name>.text:Init_i2c</name>
         <load_address>0xe7a6</load_address>
         <run_address>0xe7a6</run_address>
         <size>0x36</size>
         <input_file_ref idref="fl-2"/>
      </object_component>
      <object_component id="oc-21c">
         <name>.text:_Feraise</name>
         <load_address>0xe7dc</load_address>
         <run_address>0xe7dc</run_address>
         <size>0x32</size>
         <input_file_ref idref="fl-63"/>
      </object_component>
      <object_component id="oc-31e">
         <name>.text:raise</name>
         <load_address>0xe80e</load_address>
         <run_address>0xe80e</run_address>
         <size>0x32</size>
         <input_file_ref idref="fl-71"/>
      </object_component>
      <object_component id="oc-18e">
         <name>.text:UART_Write_String</name>
         <load_address>0xe840</load_address>
         <run_address>0xe840</run_address>
         <size>0x2e</size>
         <input_file_ref idref="fl-2"/>
      </object_component>
      <object_component id="oc-1c9">
         <name>.text:WriteBytes</name>
         <load_address>0xe86e</load_address>
         <run_address>0xe86e</run_address>
         <size>0x2e</size>
         <input_file_ref idref="fl-2"/>
      </object_component>
      <object_component id="oc-164">
         <name>.text:__mspabi_subd</name>
         <load_address>0xe89c</load_address>
         <run_address>0xe89c</run_address>
         <size>0x2e</size>
         <input_file_ref idref="fl-5e"/>
      </object_component>
      <object_component id="oc-363">
         <name>.text:_getarg_diouxp</name>
         <load_address>0xe8ca</load_address>
         <run_address>0xe8ca</run_address>
         <size>0x2e</size>
         <input_file_ref idref="fl-66"/>
      </object_component>
      <object_component id="oc-2b7">
         <name>.text:feraiseexcept</name>
         <load_address>0xe8f8</load_address>
         <run_address>0xe8f8</run_address>
         <size>0x2e</size>
         <input_file_ref idref="fl-6d"/>
      </object_component>
      <object_component id="oc-1f6">
         <name>.text</name>
         <load_address>0xe926</load_address>
         <run_address>0xe926</run_address>
         <size>0x2c</size>
         <input_file_ref idref="fl-33"/>
      </object_component>
      <object_component id="oc-211">
         <name>.text</name>
         <load_address>0xe952</load_address>
         <run_address>0xe952</run_address>
         <size>0x2c</size>
         <input_file_ref idref="fl-6a"/>
      </object_component>
      <object_component id="oc-1ea">
         <name>.text</name>
         <load_address>0xe97e</load_address>
         <run_address>0xe97e</run_address>
         <size>0x2c</size>
         <input_file_ref idref="fl-4f"/>
      </object_component>
      <object_component id="oc-16b">
         <name>.text:__mspabi_negd</name>
         <load_address>0xe9aa</load_address>
         <run_address>0xe9aa</run_address>
         <size>0x2a</size>
         <input_file_ref idref="fl-58"/>
      </object_component>
      <object_component id="oc-180">
         <name>.text:initUart</name>
         <load_address>0xe9d4</load_address>
         <run_address>0xe9d4</run_address>
         <size>0x2a</size>
         <input_file_ref idref="fl-2"/>
      </object_component>
      <object_component id="oc-177">
         <name>.text:__mspabi_fixdi</name>
         <load_address>0xe9fe</load_address>
         <run_address>0xe9fe</run_address>
         <size>0x28</size>
         <input_file_ref idref="fl-3d"/>
      </object_component>
      <object_component id="oc-275">
         <name>.text</name>
         <load_address>0xea26</load_address>
         <run_address>0xea26</run_address>
         <size>0x26</size>
         <input_file_ref idref="fl-57"/>
      </object_component>
      <object_component id="oc-260">
         <name>.text:transmitIni</name>
         <load_address>0xea4c</load_address>
         <run_address>0xea4c</run_address>
         <size>0x1e</size>
         <input_file_ref idref="fl-2"/>
      </object_component>
      <object_component id="oc-65">
         <name>.text:_c_int00_noargs_noexit</name>
         <load_address>0xea6a</load_address>
         <run_address>0xea6a</run_address>
         <size>0x1a</size>
         <input_file_ref idref="fl-35"/>
      </object_component>
      <object_component id="oc-245">
         <name>.text:_outs</name>
         <load_address>0xea84</load_address>
         <run_address>0xea84</run_address>
         <size>0x1a</size>
         <input_file_ref idref="fl-5c"/>
      </object_component>
      <object_component id="oc-33f">
         <name>.text:memccpy</name>
         <load_address>0xea9e</load_address>
         <run_address>0xea9e</run_address>
         <size>0x1a</size>
         <input_file_ref idref="fl-6f"/>
      </object_component>
      <object_component id="oc-388">
         <name>.text:_div</name>
         <load_address>0xeab8</load_address>
         <run_address>0xeab8</run_address>
         <size>0x18</size>
         <input_file_ref idref="fl-66"/>
      </object_component>
      <object_component id="oc-12f">
         <name>.text:initializeIMU</name>
         <load_address>0xead0</load_address>
         <run_address>0xead0</run_address>
         <size>0x18</size>
         <input_file_ref idref="fl-2"/>
      </object_component>
      <object_component id="oc-2af">
         <name>.text</name>
         <load_address>0xeae8</load_address>
         <run_address>0xeae8</run_address>
         <size>0x16</size>
         <input_file_ref idref="fl-6b"/>
      </object_component>
      <object_component id="oc-47">
         <name>.text:decompress:ZI:__TI_zero_init</name>
         <load_address>0xeafe</load_address>
         <run_address>0xeafe</run_address>
         <size>0x14</size>
         <input_file_ref idref="fl-39"/>
      </object_component>
      <object_component id="oc-332">
         <name>.text:memset</name>
         <load_address>0xeb12</load_address>
         <run_address>0xeb12</run_address>
         <size>0x14</size>
         <input_file_ref idref="fl-70"/>
      </object_component>
      <object_component id="oc-27f">
         <name>.text</name>
         <load_address>0xeb26</load_address>
         <run_address>0xeb26</run_address>
         <size>0x14</size>
         <input_file_ref idref="fl-56"/>
      </object_component>
      <object_component id="oc-24b">
         <name>.text:_outc</name>
         <load_address>0xeb3a</load_address>
         <run_address>0xeb3a</run_address>
         <size>0x12</size>
         <input_file_ref idref="fl-5c"/>
      </object_component>
      <object_component id="oc-2f">
         <name>.text:decompress:none:__TI_decompress_none</name>
         <load_address>0xeb4c</load_address>
         <run_address>0xeb4c</run_address>
         <size>0x12</size>
         <input_file_ref idref="fl-37"/>
      </object_component>
      <object_component id="oc-293">
         <name>.text:l_lsr</name>
         <load_address>0xeb5e</load_address>
         <run_address>0xeb5e</run_address>
         <size>0x12</size>
         <input_file_ref idref="fl-52"/>
      </object_component>
      <object_component id="oc-8d">
         <name>.text:memcpy</name>
         <load_address>0xeb70</load_address>
         <run_address>0xeb70</run_address>
         <size>0x12</size>
         <input_file_ref idref="fl-53"/>
      </object_component>
      <object_component id="oc-298">
         <name>.text:l_asr</name>
         <load_address>0xeb82</load_address>
         <run_address>0xeb82</run_address>
         <size>0x10</size>
         <input_file_ref idref="fl-68"/>
      </object_component>
      <object_component id="oc-28e">
         <name>.text:l_lsl</name>
         <load_address>0xeb92</load_address>
         <run_address>0xeb92</run_address>
         <size>0x10</size>
         <input_file_ref idref="fl-50"/>
      </object_component>
      <object_component id="oc-102">
         <name>.text</name>
         <load_address>0xeba2</load_address>
         <run_address>0xeba2</run_address>
         <size>0x10</size>
         <input_file_ref idref="fl-3b"/>
      </object_component>
      <object_component id="oc-2dc">
         <name>.text:strlen</name>
         <load_address>0xebb2</load_address>
         <run_address>0xebb2</run_address>
         <size>0xe</size>
         <input_file_ref idref="fl-73"/>
      </object_component>
      <object_component id="oc-194">
         <name>.text:UART_Write_Char</name>
         <load_address>0xebc0</load_address>
         <run_address>0xebc0</run_address>
         <size>0xc</size>
         <input_file_ref idref="fl-2"/>
      </object_component>
      <object_component id="oc-140">
         <name>.text:__mspabi_fltid</name>
         <load_address>0xebcc</load_address>
         <run_address>0xebcc</run_address>
         <size>0xc</size>
         <input_file_ref idref="fl-3f"/>
      </object_component>
      <object_component id="oc-a7">
         <name>.text:_isr:__TI_ISR_TRAP</name>
         <load_address>0xebd8</load_address>
         <run_address>0xebd8</run_address>
         <size>0x6</size>
         <input_file_ref idref="fl-4e"/>
      </object_component>
      <object_component id="oc-35">
         <name>.text:decompress:rle24:__TI_decompress_rle24</name>
         <load_address>0xebde</load_address>
         <run_address>0xebde</run_address>
         <size>0x6</size>
         <input_file_ref idref="fl-38"/>
      </object_component>
      <object_component id="oc-b9">
         <name>.text:_system_pre_init</name>
         <load_address>0xebe4</load_address>
         <run_address>0xebe4</run_address>
         <size>0x4</size>
         <input_file_ref idref="fl-59"/>
      </object_component>
      <object_component id="oc-e1">
         <name>.text:abort</name>
         <load_address>0xebe8</load_address>
         <run_address>0xebe8</run_address>
         <size>0x4</size>
         <input_file_ref idref="fl-3c"/>
      </object_component>
      <object_component id="oc-1b6">
         <name>.text:_nop</name>
         <load_address>0xebec</load_address>
         <run_address>0xebec</run_address>
         <size>0x2</size>
         <input_file_ref idref="fl-65"/>
      </object_component>
      <object_component id="oc-3cf">
         <name>.cinit..data.load</name>
         <load_address>0xeca6</load_address>
         <run_address>0xeca6</run_address>
         <size>0x3b</size>
      </object_component>
      <object_component id="oc-3cc">
         <name>__TI_handler_table</name>
         <load_address>0xece2</load_address>
         <run_address>0xece2</run_address>
         <size>0x6</size>
      </object_component>
      <object_component id="oc-3ce">
         <name>.cinit..bss.load</name>
         <load_address>0xece8</load_address>
         <run_address>0xece8</run_address>
         <size>0x4</size>
      </object_component>
      <object_component id="oc-3cd">
         <name>__TI_cinit_table</name>
         <load_address>0xecec</load_address>
         <run_address>0xecec</run_address>
         <size>0x8</size>
      </object_component>
      <object_component id="oc-2cf">
         <name>.const:a</name>
         <load_address>0xebee</load_address>
         <run_address>0xebee</run_address>
         <size>0x40</size>
         <input_file_ref idref="fl-5f"/>
      </object_component>
      <object_component id="oc-2cc">
         <name>.const:c</name>
         <load_address>0xec2e</load_address>
         <run_address>0xec2e</run_address>
         <size>0x20</size>
         <input_file_ref idref="fl-5f"/>
      </object_component>
      <object_component id="oc-2d5">
         <name>.const:mask$1</name>
         <load_address>0xec4e</load_address>
         <run_address>0xec4e</run_address>
         <size>0x20</size>
         <input_file_ref idref="fl-60"/>
      </object_component>
      <object_component id="oc-2c9">
         <name>.const:s</name>
         <load_address>0xec6e</load_address>
         <run_address>0xec6e</run_address>
         <size>0x18</size>
         <input_file_ref idref="fl-5f"/>
      </object_component>
      <object_component id="oc-338">
         <name>.const:.string</name>
         <load_address>0xec86</load_address>
         <run_address>0xec86</run_address>
         <size>0x14</size>
         <input_file_ref idref="fl-66"/>
      </object_component>
      <object_component id="oc-2d6">
         <name>.const:sub$2</name>
         <load_address>0xec9a</load_address>
         <run_address>0xec9a</run_address>
         <size>0x8</size>
         <input_file_ref idref="fl-60"/>
      </object_component>
      <object_component id="oc-186">
         <name>.const:.string</name>
         <load_address>0xeca2</load_address>
         <run_address>0xeca2</run_address>
         <size>0x4</size>
         <input_file_ref idref="fl-2"/>
      </object_component>
      <object_component id="oc-3b">
         <name>.int02</name>
         <load_address>0xffe4</load_address>
         <run_address>0xffe4</run_address>
         <size>0x2</size>
         <input_file_ref idref="fl-43"/>
      </object_component>
      <object_component id="oc-3c">
         <name>.int03</name>
         <load_address>0xffe6</load_address>
         <run_address>0xffe6</run_address>
         <size>0x2</size>
         <input_file_ref idref="fl-44"/>
      </object_component>
      <object_component id="oc-3d">
         <name>.int05</name>
         <load_address>0xffea</load_address>
         <run_address>0xffea</run_address>
         <size>0x2</size>
         <input_file_ref idref="fl-45"/>
      </object_component>
      <object_component id="oc-3e">
         <name>.int06</name>
         <load_address>0xffec</load_address>
         <run_address>0xffec</run_address>
         <size>0x2</size>
         <input_file_ref idref="fl-2"/>
      </object_component>
      <object_component id="oc-3f">
         <name>.int07</name>
         <load_address>0xffee</load_address>
         <run_address>0xffee</run_address>
         <size>0x2</size>
         <input_file_ref idref="fl-46"/>
      </object_component>
      <object_component id="oc-40">
         <name>.int08</name>
         <load_address>0xfff0</load_address>
         <run_address>0xfff0</run_address>
         <size>0x2</size>
         <input_file_ref idref="fl-47"/>
      </object_component>
      <object_component id="oc-41">
         <name>.int09</name>
         <load_address>0xfff2</load_address>
         <run_address>0xfff2</run_address>
         <size>0x2</size>
         <input_file_ref idref="fl-48"/>
      </object_component>
      <object_component id="oc-42">
         <name>.int10</name>
         <load_address>0xfff4</load_address>
         <run_address>0xfff4</run_address>
         <size>0x2</size>
         <input_file_ref idref="fl-49"/>
      </object_component>
      <object_component id="oc-43">
         <name>.int11</name>
         <load_address>0xfff6</load_address>
         <run_address>0xfff6</run_address>
         <size>0x2</size>
         <input_file_ref idref="fl-4a"/>
      </object_component>
      <object_component id="oc-44">
         <name>.int12</name>
         <load_address>0xfff8</load_address>
         <run_address>0xfff8</run_address>
         <size>0x2</size>
         <input_file_ref idref="fl-4b"/>
      </object_component>
      <object_component id="oc-45">
         <name>.int13</name>
         <load_address>0xfffa</load_address>
         <run_address>0xfffa</run_address>
         <size>0x2</size>
         <input_file_ref idref="fl-4c"/>
      </object_component>
      <object_component id="oc-46">
         <name>.int14</name>
         <load_address>0xfffc</load_address>
         <run_address>0xfffc</run_address>
         <size>0x2</size>
         <input_file_ref idref="fl-4d"/>
      </object_component>
      <object_component id="oc-8c">
         <name>.reset</name>
         <load_address>0xfffe</load_address>
         <run_address>0xfffe</run_address>
         <size>0x2</size>
         <input_file_ref idref="fl-34"/>
      </object_component>
      <object_component id="oc-111">
         <name>.common:PRx</name>
         <uninitialized>true</uninitialized>
         <run_address>0x336</run_address>
         <size>0x2</size>
      </object_component>
      <object_component id="oc-10e">
         <name>.common:PTx</name>
         <uninitialized>true</uninitialized>
         <run_address>0x338</run_address>
         <size>0x2</size>
      </object_component>
      <object_component id="oc-1d0">
         <name>.common:buffer</name>
         <uninitialized>true</uninitialized>
         <run_address>0x330</run_address>
         <size>0x6</size>
      </object_component>
      <object_component id="oc-187">
         <name>.common:buff</name>
         <uninitialized>true</uninitialized>
         <run_address>0x322</run_address>
         <size>0x8</size>
      </object_component>
      <object_component id="oc-135">
         <name>.common:ax</name>
         <uninitialized>true</uninitialized>
         <run_address>0x340</run_address>
         <size>0x2</size>
      </object_component>
      <object_component id="oc-136">
         <name>.common:ay</name>
         <uninitialized>true</uninitialized>
         <run_address>0x342</run_address>
         <size>0x2</size>
      </object_component>
      <object_component id="oc-137">
         <name>.common:az</name>
         <uninitialized>true</uninitialized>
         <run_address>0x344</run_address>
         <size>0x2</size>
      </object_component>
      <object_component id="oc-13e">
         <name>.common:a</name>
         <uninitialized>true</uninitialized>
         <run_address>0x32a</run_address>
         <size>0x6</size>
      </object_component>
      <object_component id="oc-13f">
         <name>.common:aux</name>
         <uninitialized>true</uninitialized>
         <run_address>0x2ea</run_address>
         <size>0x20</size>
      </object_component>
      <object_component id="oc-16a">
         <name>.common:newAngle</name>
         <uninitialized>true</uninitialized>
         <run_address>0x30a</run_address>
         <size>0x18</size>
      </object_component>
      <object_component id="oc-17d">
         <name>.common:anx</name>
         <uninitialized>true</uninitialized>
         <run_address>0x33a</run_address>
         <size>0x2</size>
      </object_component>
      <object_component id="oc-17e">
         <name>.common:any</name>
         <uninitialized>true</uninitialized>
         <run_address>0x33c</run_address>
         <size>0x2</size>
      </object_component>
      <object_component id="oc-17f">
         <name>.common:anz</name>
         <uninitialized>true</uninitialized>
         <run_address>0x33e</run_address>
         <size>0x2</size>
      </object_component>
      <object_component id="oc-10b">
         <name>.data</name>
         <load_address>0x2d8</load_address>
         <run_address>0x2d8</run_address>
         <size>0x6</size>
         <input_file_ref idref="fl-2"/>
      </object_component>
      <object_component id="oc-222">
         <name>.data</name>
         <load_address>0x200</load_address>
         <run_address>0x200</run_address>
         <size>0x80</size>
         <input_file_ref idref="fl-64"/>
      </object_component>
      <object_component id="oc-11a">
         <name>.data:_lock</name>
         <load_address>0x2e4</load_address>
         <run_address>0x2e4</run_address>
         <size>0x2</size>
         <input_file_ref idref="fl-65"/>
      </object_component>
      <object_component id="oc-123">
         <name>.data:_unlock</name>
         <load_address>0x2e6</load_address>
         <run_address>0x2e6</run_address>
         <size>0x2</size>
         <input_file_ref idref="fl-65"/>
      </object_component>
      <object_component id="oc-2bd">
         <name>.data</name>
         <load_address>0x2e8</load_address>
         <run_address>0x2e8</run_address>
         <size>0x2</size>
         <input_file_ref idref="fl-6c"/>
      </object_component>
      <object_component id="oc-31b">
         <name>.data</name>
         <load_address>0x2de</load_address>
         <run_address>0x2de</run_address>
         <size>0x6</size>
         <input_file_ref idref="fl-6d"/>
      </object_component>
      <object_component id="oc-379">
         <name>.data:sigtable</name>
         <load_address>0x280</load_address>
         <run_address>0x280</run_address>
         <size>0x58</size>
         <input_file_ref idref="fl-72"/>
      </object_component>
      <object_component id="oc-10f">
         <name>.debug_info</name>
         <load_address>0x0</load_address>
         <run_address>0x0</run_address>
         <size>0x796</size>
         <input_file_ref idref="fl-2"/>
      </object_component>
      <object_component id="oc-10c">
         <name>.debug_info</name>
         <load_address>0x796</load_address>
         <run_address>0x796</run_address>
         <size>0x111</size>
         <input_file_ref idref="fl-2"/>
      </object_component>
      <object_component id="oc-181">
         <name>.debug_info</name>
         <load_address>0x8a7</load_address>
         <run_address>0x8a7</run_address>
         <size>0xd9</size>
         <input_file_ref idref="fl-2"/>
      </object_component>
      <object_component id="oc-12a">
         <name>.debug_info</name>
         <load_address>0x980</load_address>
         <run_address>0x980</run_address>
         <size>0x107</size>
         <input_file_ref idref="fl-2"/>
      </object_component>
      <object_component id="oc-195">
         <name>.debug_info</name>
         <load_address>0xa87</load_address>
         <run_address>0xa87</run_address>
         <size>0x109</size>
         <input_file_ref idref="fl-2"/>
      </object_component>
      <object_component id="oc-18f">
         <name>.debug_info</name>
         <load_address>0xb90</load_address>
         <run_address>0xb90</run_address>
         <size>0x12b</size>
         <input_file_ref idref="fl-2"/>
      </object_component>
      <object_component id="oc-261">
         <name>.debug_info</name>
         <load_address>0xcbb</load_address>
         <run_address>0xcbb</run_address>
         <size>0x10d</size>
         <input_file_ref idref="fl-2"/>
      </object_component>
      <object_component id="oc-1d2">
         <name>.debug_info</name>
         <load_address>0xdc8</load_address>
         <run_address>0xdc8</run_address>
         <size>0x17e</size>
         <input_file_ref idref="fl-2"/>
      </object_component>
      <object_component id="oc-1ca">
         <name>.debug_info</name>
         <load_address>0xf46</load_address>
         <run_address>0xf46</run_address>
         <size>0x180</size>
         <input_file_ref idref="fl-2"/>
      </object_component>
      <object_component id="oc-139">
         <name>.debug_info</name>
         <load_address>0x10c6</load_address>
         <run_address>0x10c6</run_address>
         <size>0x13b</size>
         <input_file_ref idref="fl-2"/>
      </object_component>
      <object_component id="oc-130">
         <name>.debug_info</name>
         <load_address>0x1201</load_address>
         <run_address>0x1201</run_address>
         <size>0x105</size>
         <input_file_ref idref="fl-2"/>
      </object_component>
      <object_component id="oc-ad">
         <name>.debug_info</name>
         <load_address>0x1306</load_address>
         <run_address>0x1306</run_address>
         <size>0xe4</size>
         <input_file_ref idref="fl-2"/>
      </object_component>
      <object_component id="oc-da">
         <name>.debug_info</name>
         <load_address>0x13ea</load_address>
         <run_address>0x13ea</run_address>
         <size>0x27d</size>
         <input_file_ref idref="fl-2"/>
      </object_component>
      <object_component id="oc-ef">
         <name>.debug_info</name>
         <load_address>0x1667</load_address>
         <run_address>0x1667</run_address>
         <size>0x84</size>
         <input_file_ref idref="fl-2"/>
      </object_component>
      <object_component id="oc-1a1">
         <name>.debug_info</name>
         <load_address>0x16eb</load_address>
         <run_address>0x16eb</run_address>
         <size>0x18b</size>
         <input_file_ref idref="fl-2"/>
      </object_component>
      <object_component id="oc-2f0">
         <name>.debug_info</name>
         <load_address>0x1876</load_address>
         <run_address>0x1876</run_address>
         <size>0x2c</size>
         <input_file_ref idref="fl-2"/>
      </object_component>
      <object_component id="oc-233">
         <name>.debug_info</name>
         <load_address>0x18a2</load_address>
         <run_address>0x18a2</run_address>
         <size>0x234</size>
         <input_file_ref idref="fl-31"/>
      </object_component>
      <object_component id="oc-15f">
         <name>.debug_info</name>
         <load_address>0x1ad6</load_address>
         <run_address>0x1ad6</run_address>
         <size>0x26e</size>
         <input_file_ref idref="fl-31"/>
      </object_component>
      <object_component id="oc-2c3">
         <name>.debug_info</name>
         <load_address>0x1d44</load_address>
         <run_address>0x1d44</run_address>
         <size>0x86</size>
         <input_file_ref idref="fl-31"/>
      </object_component>
      <object_component id="oc-20a">
         <name>.debug_info</name>
         <load_address>0x1dca</load_address>
         <run_address>0x1dca</run_address>
         <size>0x1fa</size>
         <input_file_ref idref="fl-32"/>
      </object_component>
      <object_component id="oc-153">
         <name>.debug_info</name>
         <load_address>0x1fc4</load_address>
         <run_address>0x1fc4</run_address>
         <size>0x236</size>
         <input_file_ref idref="fl-32"/>
      </object_component>
      <object_component id="oc-1f1">
         <name>.debug_info</name>
         <load_address>0x21fa</load_address>
         <run_address>0x21fa</run_address>
         <size>0x94</size>
         <input_file_ref idref="fl-32"/>
      </object_component>
      <object_component id="oc-1f8">
         <name>.debug_info</name>
         <load_address>0x228e</load_address>
         <run_address>0x228e</run_address>
         <size>0xff</size>
         <input_file_ref idref="fl-33"/>
      </object_component>
      <object_component id="oc-8a">
         <name>.debug_info</name>
         <load_address>0x238d</load_address>
         <run_address>0x238d</run_address>
         <size>0xd8</size>
         <input_file_ref idref="fl-34"/>
      </object_component>
      <object_component id="oc-66">
         <name>.debug_info</name>
         <load_address>0x2465</load_address>
         <run_address>0x2465</run_address>
         <size>0x179</size>
         <input_file_ref idref="fl-35"/>
      </object_component>
      <object_component id="oc-227">
         <name>.debug_info</name>
         <load_address>0x25de</load_address>
         <run_address>0x25de</run_address>
         <size>0x187</size>
         <input_file_ref idref="fl-36"/>
      </object_component>
      <object_component id="oc-99">
         <name>.debug_info</name>
         <load_address>0x2765</load_address>
         <run_address>0x2765</run_address>
         <size>0x195</size>
         <input_file_ref idref="fl-37"/>
      </object_component>
      <object_component id="oc-30">
         <name>.debug_info</name>
         <load_address>0x28fa</load_address>
         <run_address>0x28fa</run_address>
         <size>0x1c2</size>
         <input_file_ref idref="fl-37"/>
      </object_component>
      <object_component id="oc-94">
         <name>.debug_info</name>
         <load_address>0x2abc</load_address>
         <run_address>0x2abc</run_address>
         <size>0x46</size>
         <input_file_ref idref="fl-37"/>
      </object_component>
      <object_component id="oc-fb">
         <name>.debug_info</name>
         <load_address>0x2b02</load_address>
         <run_address>0x2b02</run_address>
         <size>0x2c</size>
         <input_file_ref idref="fl-37"/>
      </object_component>
      <object_component id="oc-a1">
         <name>.debug_info</name>
         <load_address>0x2b2e</load_address>
         <run_address>0x2b2e</run_address>
         <size>0x157</size>
         <input_file_ref idref="fl-38"/>
      </object_component>
      <object_component id="oc-9d">
         <name>.debug_info</name>
         <load_address>0x2c85</load_address>
         <run_address>0x2c85</run_address>
         <size>0x21d</size>
         <input_file_ref idref="fl-38"/>
      </object_component>
      <object_component id="oc-36">
         <name>.debug_info</name>
         <load_address>0x2ea2</load_address>
         <run_address>0x2ea2</run_address>
         <size>0x194</size>
         <input_file_ref idref="fl-38"/>
      </object_component>
      <object_component id="oc-a2">
         <name>.debug_info</name>
         <load_address>0x3036</load_address>
         <run_address>0x3036</run_address>
         <size>0x39</size>
         <input_file_ref idref="fl-38"/>
      </object_component>
      <object_component id="oc-b8">
         <name>.debug_info</name>
         <load_address>0x306f</load_address>
         <run_address>0x306f</run_address>
         <size>0x14d</size>
         <input_file_ref idref="fl-39"/>
      </object_component>
      <object_component id="oc-48">
         <name>.debug_info</name>
         <load_address>0x31bc</load_address>
         <run_address>0x31bc</run_address>
         <size>0x198</size>
         <input_file_ref idref="fl-39"/>
      </object_component>
      <object_component id="oc-b3">
         <name>.debug_info</name>
         <load_address>0x3354</load_address>
         <run_address>0x3354</run_address>
         <size>0x46</size>
         <input_file_ref idref="fl-39"/>
      </object_component>
      <object_component id="oc-f6">
         <name>.debug_info</name>
         <load_address>0x339a</load_address>
         <run_address>0x339a</run_address>
         <size>0x2c</size>
         <input_file_ref idref="fl-39"/>
      </object_component>
      <object_component id="oc-1f0">
         <name>.debug_info</name>
         <load_address>0x33c6</load_address>
         <run_address>0x33c6</run_address>
         <size>0x1f5</size>
         <input_file_ref idref="fl-3a"/>
      </object_component>
      <object_component id="oc-147">
         <name>.debug_info</name>
         <load_address>0x35bb</load_address>
         <run_address>0x35bb</run_address>
         <size>0x262</size>
         <input_file_ref idref="fl-3a"/>
      </object_component>
      <object_component id="oc-104">
         <name>.debug_info</name>
         <load_address>0x381d</load_address>
         <run_address>0x381d</run_address>
         <size>0x10d</size>
         <input_file_ref idref="fl-3b"/>
      </object_component>
      <object_component id="oc-e3">
         <name>.debug_info</name>
         <load_address>0x392a</load_address>
         <run_address>0x392a</run_address>
         <size>0xfa</size>
         <input_file_ref idref="fl-3c"/>
      </object_component>
      <object_component id="oc-178">
         <name>.debug_info</name>
         <load_address>0x3a24</load_address>
         <run_address>0x3a24</run_address>
         <size>0x149</size>
         <input_file_ref idref="fl-3d"/>
      </object_component>
      <object_component id="oc-23e">
         <name>.debug_info</name>
         <load_address>0x3b6d</load_address>
         <run_address>0x3b6d</run_address>
         <size>0x198</size>
         <input_file_ref idref="fl-3e"/>
      </object_component>
      <object_component id="oc-144">
         <name>.debug_info</name>
         <load_address>0x3d05</load_address>
         <run_address>0x3d05</run_address>
         <size>0x13e</size>
         <input_file_ref idref="fl-3f"/>
      </object_component>
      <object_component id="oc-273">
         <name>.debug_info</name>
         <load_address>0x3e43</load_address>
         <run_address>0x3e43</run_address>
         <size>0x1be</size>
         <input_file_ref idref="fl-40"/>
      </object_component>
      <object_component id="oc-1dc">
         <name>.debug_info</name>
         <load_address>0x4001</load_address>
         <run_address>0x4001</run_address>
         <size>0x1f3</size>
         <input_file_ref idref="fl-40"/>
      </object_component>
      <object_component id="oc-2a4">
         <name>.debug_info</name>
         <load_address>0x41f4</load_address>
         <run_address>0x41f4</run_address>
         <size>0x1f3</size>
         <input_file_ref idref="fl-41"/>
      </object_component>
      <object_component id="oc-206">
         <name>.debug_info</name>
         <load_address>0x43e7</load_address>
         <run_address>0x43e7</run_address>
         <size>0x301</size>
         <input_file_ref idref="fl-41"/>
      </object_component>
      <object_component id="oc-285">
         <name>.debug_info</name>
         <load_address>0x46e8</load_address>
         <run_address>0x46e8</run_address>
         <size>0x1c5</size>
         <input_file_ref idref="fl-42"/>
      </object_component>
      <object_component id="oc-1e5">
         <name>.debug_info</name>
         <load_address>0x48ad</load_address>
         <run_address>0x48ad</run_address>
         <size>0x5c1</size>
         <input_file_ref idref="fl-42"/>
      </object_component>
      <object_component id="oc-a8">
         <name>.debug_info</name>
         <load_address>0x4e6e</load_address>
         <run_address>0x4e6e</run_address>
         <size>0xee</size>
         <input_file_ref idref="fl-4e"/>
      </object_component>
      <object_component id="oc-1eb">
         <name>.debug_info</name>
         <load_address>0x4f5c</load_address>
         <run_address>0x4f5c</run_address>
         <size>0xff</size>
         <input_file_ref idref="fl-4f"/>
      </object_component>
      <object_component id="oc-28f">
         <name>.debug_info</name>
         <load_address>0x505b</load_address>
         <run_address>0x505b</run_address>
         <size>0xff</size>
         <input_file_ref idref="fl-50"/>
      </object_component>
      <object_component id="oc-269">
         <name>.debug_info</name>
         <load_address>0x515a</load_address>
         <run_address>0x515a</run_address>
         <size>0x105</size>
         <input_file_ref idref="fl-50"/>
      </object_component>
      <object_component id="oc-1e0">
         <name>.debug_info</name>
         <load_address>0x525f</load_address>
         <run_address>0x525f</run_address>
         <size>0xff</size>
         <input_file_ref idref="fl-51"/>
      </object_component>
      <object_component id="oc-294">
         <name>.debug_info</name>
         <load_address>0x535e</load_address>
         <run_address>0x535e</run_address>
         <size>0xff</size>
         <input_file_ref idref="fl-52"/>
      </object_component>
      <object_component id="oc-26e">
         <name>.debug_info</name>
         <load_address>0x545d</load_address>
         <run_address>0x545d</run_address>
         <size>0x105</size>
         <input_file_ref idref="fl-52"/>
      </object_component>
      <object_component id="oc-f5">
         <name>.debug_info</name>
         <load_address>0x5562</load_address>
         <run_address>0x5562</run_address>
         <size>0x150</size>
         <input_file_ref idref="fl-53"/>
      </object_component>
      <object_component id="oc-8e">
         <name>.debug_info</name>
         <load_address>0x56b2</load_address>
         <run_address>0x56b2</run_address>
         <size>0x174</size>
         <input_file_ref idref="fl-53"/>
      </object_component>
      <object_component id="oc-202">
         <name>.debug_info</name>
         <load_address>0x5826</load_address>
         <run_address>0x5826</run_address>
         <size>0x1f5</size>
         <input_file_ref idref="fl-55"/>
      </object_component>
      <object_component id="oc-14d">
         <name>.debug_info</name>
         <load_address>0x5a1b</load_address>
         <run_address>0x5a1b</run_address>
         <size>0x2ae</size>
         <input_file_ref idref="fl-55"/>
      </object_component>
      <object_component id="oc-281">
         <name>.debug_info</name>
         <load_address>0x5cc9</load_address>
         <run_address>0x5cc9</run_address>
         <size>0x100</size>
         <input_file_ref idref="fl-56"/>
      </object_component>
      <object_component id="oc-278">
         <name>.debug_info</name>
         <load_address>0x5dc9</load_address>
         <run_address>0x5dc9</run_address>
         <size>0x100</size>
         <input_file_ref idref="fl-57"/>
      </object_component>
      <object_component id="oc-16c">
         <name>.debug_info</name>
         <load_address>0x5ec9</load_address>
         <run_address>0x5ec9</run_address>
         <size>0x130</size>
         <input_file_ref idref="fl-58"/>
      </object_component>
      <object_component id="oc-ba">
         <name>.debug_info</name>
         <load_address>0x5ff9</load_address>
         <run_address>0x5ff9</run_address>
         <size>0x12b</size>
         <input_file_ref idref="fl-59"/>
      </object_component>
      <object_component id="oc-311">
         <name>.debug_info</name>
         <load_address>0x6124</load_address>
         <run_address>0x6124</run_address>
         <size>0x1c5</size>
         <input_file_ref idref="fl-5a"/>
      </object_component>
      <object_component id="oc-29e">
         <name>.debug_info</name>
         <load_address>0x62e9</load_address>
         <run_address>0x62e9</run_address>
         <size>0x1d1</size>
         <input_file_ref idref="fl-5a"/>
      </object_component>
      <object_component id="oc-172">
         <name>.debug_info</name>
         <load_address>0x64ba</load_address>
         <run_address>0x64ba</run_address>
         <size>0x1a0</size>
         <input_file_ref idref="fl-5b"/>
      </object_component>
      <object_component id="oc-258">
         <name>.debug_info</name>
         <load_address>0x665a</load_address>
         <run_address>0x665a</run_address>
         <size>0x210</size>
         <input_file_ref idref="fl-5c"/>
      </object_component>
      <object_component id="oc-18a">
         <name>.debug_info</name>
         <load_address>0x686a</load_address>
         <run_address>0x686a</run_address>
         <size>0x19a</size>
         <input_file_ref idref="fl-5c"/>
      </object_component>
      <object_component id="oc-247">
         <name>.debug_info</name>
         <load_address>0x6a04</load_address>
         <run_address>0x6a04</run_address>
         <size>0x170</size>
         <input_file_ref idref="fl-5c"/>
      </object_component>
      <object_component id="oc-24c">
         <name>.debug_info</name>
         <load_address>0x6b74</load_address>
         <run_address>0x6b74</run_address>
         <size>0x145</size>
         <input_file_ref idref="fl-5c"/>
      </object_component>
      <object_component id="oc-2fc">
         <name>.debug_info</name>
         <load_address>0x6cb9</load_address>
         <run_address>0x6cb9</run_address>
         <size>0x2c</size>
         <input_file_ref idref="fl-5c"/>
      </object_component>
      <object_component id="oc-159">
         <name>.debug_info</name>
         <load_address>0x6ce5</load_address>
         <run_address>0x6ce5</run_address>
         <size>0x27e</size>
         <input_file_ref idref="fl-5d"/>
      </object_component>
      <object_component id="oc-168">
         <name>.debug_info</name>
         <load_address>0x6f63</load_address>
         <run_address>0x6f63</run_address>
         <size>0x165</size>
         <input_file_ref idref="fl-5e"/>
      </object_component>
      <object_component id="oc-329">
         <name>.debug_info</name>
         <load_address>0x70c8</load_address>
         <run_address>0x70c8</run_address>
         <size>0x208</size>
         <input_file_ref idref="fl-5f"/>
      </object_component>
      <object_component id="oc-2cd">
         <name>.debug_info</name>
         <load_address>0x72d0</load_address>
         <run_address>0x72d0</run_address>
         <size>0xce</size>
         <input_file_ref idref="fl-5f"/>
      </object_component>
      <object_component id="oc-2ca">
         <name>.debug_info</name>
         <load_address>0x739e</load_address>
         <run_address>0x739e</run_address>
         <size>0xce</size>
         <input_file_ref idref="fl-5f"/>
      </object_component>
      <object_component id="oc-2d0">
         <name>.debug_info</name>
         <load_address>0x746c</load_address>
         <run_address>0x746c</run_address>
         <size>0xce</size>
         <input_file_ref idref="fl-5f"/>
      </object_component>
      <object_component id="oc-22f">
         <name>.debug_info</name>
         <load_address>0x753a</load_address>
         <run_address>0x753a</run_address>
         <size>0x432</size>
         <input_file_ref idref="fl-5f"/>
      </object_component>
      <object_component id="oc-2d8">
         <name>.debug_info</name>
         <load_address>0x796c</load_address>
         <run_address>0x796c</run_address>
         <size>0x1ee</size>
         <input_file_ref idref="fl-60"/>
      </object_component>
      <object_component id="oc-237">
         <name>.debug_info</name>
         <load_address>0x7b5a</load_address>
         <run_address>0x7b5a</run_address>
         <size>0x1d6</size>
         <input_file_ref idref="fl-60"/>
      </object_component>
      <object_component id="oc-2b6">
         <name>.debug_info</name>
         <load_address>0x7d30</load_address>
         <run_address>0x7d30</run_address>
         <size>0x20f</size>
         <input_file_ref idref="fl-61"/>
      </object_component>
      <object_component id="oc-217">
         <name>.debug_info</name>
         <load_address>0x7f3f</load_address>
         <run_address>0x7f3f</run_address>
         <size>0x277</size>
         <input_file_ref idref="fl-61"/>
      </object_component>
      <object_component id="oc-2ae">
         <name>.debug_info</name>
         <load_address>0x81b6</load_address>
         <run_address>0x81b6</run_address>
         <size>0x1f9</size>
         <input_file_ref idref="fl-62"/>
      </object_component>
      <object_component id="oc-20e">
         <name>.debug_info</name>
         <load_address>0x83af</load_address>
         <run_address>0x83af</run_address>
         <size>0x19d</size>
         <input_file_ref idref="fl-62"/>
      </object_component>
      <object_component id="oc-220">
         <name>.debug_info</name>
         <load_address>0x854c</load_address>
         <run_address>0x854c</run_address>
         <size>0x155</size>
         <input_file_ref idref="fl-63"/>
      </object_component>
      <object_component id="oc-223">
         <name>.debug_info</name>
         <load_address>0x86a1</load_address>
         <run_address>0x86a1</run_address>
         <size>0x1b7</size>
         <input_file_ref idref="fl-64"/>
      </object_component>
      <object_component id="oc-1be">
         <name>.debug_info</name>
         <load_address>0x8858</load_address>
         <run_address>0x8858</run_address>
         <size>0x13b</size>
         <input_file_ref idref="fl-65"/>
      </object_component>
      <object_component id="oc-11b">
         <name>.debug_info</name>
         <load_address>0x8993</load_address>
         <run_address>0x8993</run_address>
         <size>0xd7</size>
         <input_file_ref idref="fl-65"/>
      </object_component>
      <object_component id="oc-124">
         <name>.debug_info</name>
         <load_address>0x8a6a</load_address>
         <run_address>0x8a6a</run_address>
         <size>0xdb</size>
         <input_file_ref idref="fl-65"/>
      </object_component>
      <object_component id="oc-1b8">
         <name>.debug_info</name>
         <load_address>0x8b45</load_address>
         <run_address>0x8b45</run_address>
         <size>0x106</size>
         <input_file_ref idref="fl-65"/>
      </object_component>
      <object_component id="oc-2ef">
         <name>.debug_info</name>
         <load_address>0x8c4b</load_address>
         <run_address>0x8c4b</run_address>
         <size>0x33f</size>
         <input_file_ref idref="fl-66"/>
      </object_component>
      <object_component id="oc-364">
         <name>.debug_info</name>
         <load_address>0x8f8a</load_address>
         <run_address>0x8f8a</run_address>
         <size>0x18a</size>
         <input_file_ref idref="fl-66"/>
      </object_component>
      <object_component id="oc-389">
         <name>.debug_info</name>
         <load_address>0x9114</load_address>
         <run_address>0x9114</run_address>
         <size>0x187</size>
         <input_file_ref idref="fl-66"/>
      </object_component>
      <object_component id="oc-36a">
         <name>.debug_info</name>
         <load_address>0x929b</load_address>
         <run_address>0x929b</run_address>
         <size>0x1cf</size>
         <input_file_ref idref="fl-66"/>
      </object_component>
      <object_component id="oc-33a">
         <name>.debug_info</name>
         <load_address>0x946a</load_address>
         <run_address>0x946a</run_address>
         <size>0x212</size>
         <input_file_ref idref="fl-66"/>
      </object_component>
      <object_component id="oc-2e3">
         <name>.debug_info</name>
         <load_address>0x967c</load_address>
         <run_address>0x967c</run_address>
         <size>0x267</size>
         <input_file_ref idref="fl-66"/>
      </object_component>
      <object_component id="oc-2e9">
         <name>.debug_info</name>
         <load_address>0x98e3</load_address>
         <run_address>0x98e3</run_address>
         <size>0x20a</size>
         <input_file_ref idref="fl-66"/>
      </object_component>
      <object_component id="oc-252">
         <name>.debug_info</name>
         <load_address>0x9aed</load_address>
         <run_address>0x9aed</run_address>
         <size>0x28a</size>
         <input_file_ref idref="fl-66"/>
      </object_component>
      <object_component id="oc-2f5">
         <name>.debug_info</name>
         <load_address>0x9d77</load_address>
         <run_address>0x9d77</run_address>
         <size>0x86</size>
         <input_file_ref idref="fl-66"/>
      </object_component>
      <object_component id="oc-370">
         <name>.debug_info</name>
         <load_address>0x9dfd</load_address>
         <run_address>0x9dfd</run_address>
         <size>0x39</size>
         <input_file_ref idref="fl-66"/>
      </object_component>
      <object_component id="oc-29a">
         <name>.debug_info</name>
         <load_address>0x9e36</load_address>
         <run_address>0x9e36</run_address>
         <size>0xff</size>
         <input_file_ref idref="fl-68"/>
      </object_component>
      <object_component id="oc-27b">
         <name>.debug_info</name>
         <load_address>0x9f35</load_address>
         <run_address>0x9f35</run_address>
         <size>0x105</size>
         <input_file_ref idref="fl-68"/>
      </object_component>
      <object_component id="oc-117">
         <name>.debug_info</name>
         <load_address>0xa03a</load_address>
         <run_address>0xa03a</run_address>
         <size>0x2cc</size>
         <input_file_ref idref="fl-69"/>
      </object_component>
      <object_component id="oc-c0">
         <name>.debug_info</name>
         <load_address>0xa306</load_address>
         <run_address>0xa306</run_address>
         <size>0x17e</size>
         <input_file_ref idref="fl-69"/>
      </object_component>
      <object_component id="oc-1aa">
         <name>.debug_info</name>
         <load_address>0xa484</load_address>
         <run_address>0xa484</run_address>
         <size>0x39</size>
         <input_file_ref idref="fl-69"/>
      </object_component>
      <object_component id="oc-213">
         <name>.debug_info</name>
         <load_address>0xa4bd</load_address>
         <run_address>0xa4bd</run_address>
         <size>0x114</size>
         <input_file_ref idref="fl-6a"/>
      </object_component>
      <object_component id="oc-2b0">
         <name>.debug_info</name>
         <load_address>0xa5d1</load_address>
         <run_address>0xa5d1</run_address>
         <size>0x100</size>
         <input_file_ref idref="fl-6b"/>
      </object_component>
      <object_component id="oc-2be">
         <name>.debug_info</name>
         <load_address>0xa6d1</load_address>
         <run_address>0xa6d1</run_address>
         <size>0xd8</size>
         <input_file_ref idref="fl-6c"/>
      </object_component>
      <object_component id="oc-354">
         <name>.debug_info</name>
         <load_address>0xa7a9</load_address>
         <run_address>0xa7a9</run_address>
         <size>0x1ec</size>
         <input_file_ref idref="fl-6d"/>
      </object_component>
      <object_component id="oc-31c">
         <name>.debug_info</name>
         <load_address>0xa995</load_address>
         <run_address>0xa995</run_address>
         <size>0x110</size>
         <input_file_ref idref="fl-6d"/>
      </object_component>
      <object_component id="oc-2b8">
         <name>.debug_info</name>
         <load_address>0xaaa5</load_address>
         <run_address>0xaaa5</run_address>
         <size>0x171</size>
         <input_file_ref idref="fl-6d"/>
      </object_component>
      <object_component id="oc-34f">
         <name>.debug_info</name>
         <load_address>0xac16</load_address>
         <run_address>0xac16</run_address>
         <size>0x6f</size>
         <input_file_ref idref="fl-6d"/>
      </object_component>
      <object_component id="oc-28b">
         <name>.debug_info</name>
         <load_address>0xac85</load_address>
         <run_address>0xac85</run_address>
         <size>0x1e1</size>
         <input_file_ref idref="fl-6e"/>
      </object_component>
      <object_component id="oc-1ff">
         <name>.debug_info</name>
         <load_address>0xae66</load_address>
         <run_address>0xae66</run_address>
         <size>0x3af</size>
         <input_file_ref idref="fl-6e"/>
      </object_component>
      <object_component id="oc-376">
         <name>.debug_info</name>
         <load_address>0xb215</load_address>
         <run_address>0xb215</run_address>
         <size>0x146</size>
         <input_file_ref idref="fl-6f"/>
      </object_component>
      <object_component id="oc-342">
         <name>.debug_info</name>
         <load_address>0xb35b</load_address>
         <run_address>0xb35b</run_address>
         <size>0x18e</size>
         <input_file_ref idref="fl-6f"/>
      </object_component>
      <object_component id="oc-362">
         <name>.debug_info</name>
         <load_address>0xb4e9</load_address>
         <run_address>0xb4e9</run_address>
         <size>0x145</size>
         <input_file_ref idref="fl-70"/>
      </object_component>
      <object_component id="oc-335">
         <name>.debug_info</name>
         <load_address>0xb62e</load_address>
         <run_address>0xb62e</run_address>
         <size>0x20d</size>
         <input_file_ref idref="fl-70"/>
      </object_component>
      <object_component id="oc-35c">
         <name>.debug_info</name>
         <load_address>0xb83b</load_address>
         <run_address>0xb83b</run_address>
         <size>0x171</size>
         <input_file_ref idref="fl-71"/>
      </object_component>
      <object_component id="oc-31f">
         <name>.debug_info</name>
         <load_address>0xb9ac</load_address>
         <run_address>0xb9ac</run_address>
         <size>0x15c</size>
         <input_file_ref idref="fl-71"/>
      </object_component>
      <object_component id="oc-380">
         <name>.debug_info</name>
         <load_address>0xbb08</load_address>
         <run_address>0xbb08</run_address>
         <size>0x2c</size>
         <input_file_ref idref="fl-71"/>
      </object_component>
      <object_component id="oc-37d">
         <name>.debug_info</name>
         <load_address>0xbb34</load_address>
         <run_address>0xbb34</run_address>
         <size>0x191</size>
         <input_file_ref idref="fl-72"/>
      </object_component>
      <object_component id="oc-37a">
         <name>.debug_info</name>
         <load_address>0xbcc5</load_address>
         <run_address>0xbcc5</run_address>
         <size>0xdd</size>
         <input_file_ref idref="fl-72"/>
      </object_component>
      <object_component id="oc-356">
         <name>.debug_info</name>
         <load_address>0xbda2</load_address>
         <run_address>0xbda2</run_address>
         <size>0x16c</size>
         <input_file_ref idref="fl-72"/>
      </object_component>
      <object_component id="oc-331">
         <name>.debug_info</name>
         <load_address>0xbf0e</load_address>
         <run_address>0xbf0e</run_address>
         <size>0x13a</size>
         <input_file_ref idref="fl-73"/>
      </object_component>
      <object_component id="oc-2df">
         <name>.debug_info</name>
         <load_address>0xc048</load_address>
         <run_address>0xc048</run_address>
         <size>0x1c8</size>
         <input_file_ref idref="fl-73"/>
      </object_component>
      <object_component id="oc-315">
         <name>.debug_info</name>
         <load_address>0xc210</load_address>
         <run_address>0xc210</run_address>
         <size>0x1c4</size>
         <input_file_ref idref="fl-74"/>
      </object_component>
      <object_component id="oc-2a8">
         <name>.debug_info</name>
         <load_address>0xc3d4</load_address>
         <run_address>0xc3d4</run_address>
         <size>0x1d9</size>
         <input_file_ref idref="fl-74"/>
      </object_component>
      <object_component id="oc-3d1">
         <name>.debug_info</name>
         <load_address>0xc5ad</load_address>
         <run_address>0xc5ad</run_address>
         <size>0x85</size>
      </object_component>
      <object_component id="oc-1a7">
         <name>.debug_line</name>
         <load_address>0x0</load_address>
         <run_address>0x0</run_address>
         <size>0x12c</size>
         <input_file_ref idref="fl-2"/>
      </object_component>
      <object_component id="oc-1a0">
         <name>.debug_line</name>
         <load_address>0x12c</load_address>
         <run_address>0x12c</run_address>
         <size>0x2d</size>
         <input_file_ref idref="fl-2"/>
      </object_component>
      <object_component id="oc-184">
         <name>.debug_line</name>
[...]
         <name>__mspabi_slli_8</name>
         <value>0xe998</value>
         <object_component_ref idref="oc-1ea"/>
      </symbol>
      <symbol id="sm-2f1">
         <name>__mspabi_slli_7</name>
         <value>0xe99a</value>
         <object_component_ref idref="oc-1ea"/>
      </symbol>
      <symbol id="sm-2f2">
         <name>__mspabi_slli_6</name>
         <value>0xe99c</value>
         <object_component_ref idref="oc-1ea"/>
      </symbol>
      <symbol id="sm-2f3">
         <name>__mspabi_slli_5</name>
         <value>0xe99e</value>
         <object_component_ref idref="oc-1ea"/>
      </symbol>
      <symbol id="sm-2f4">
         <name>__mspabi_slli_4</name>
         <value>0xe9a0</value>
         <object_component_ref idref="oc-1ea"/>
      </symbol>
      <symbol id="sm-2f5">
         <name>__mspabi_slli_3</name>
         <value>0xe9a2</value>
         <object_component_ref idref="oc-1ea"/>
      </symbol>
      <symbol id="sm-2f6">
         <name>__mspabi_slli_2</name>
         <value>0xe9a4</value>
         <object_component_ref idref="oc-1ea"/>
      </symbol>
      <symbol id="sm-2f7">
         <name>__mspabi_slli_1</name>
         <value>0xe9a6</value>
         <object_component_ref idref="oc-1ea"/>
      </symbol>
      <symbol id="sm-2f8">
         <name>__mspabi_slli_15</name>
         <value>0xe98a</value>
         <object_component_ref idref="oc-1ea"/>
      </symbol>
      <symbol id="sm-2f9">
         <name>__mspabi_slli_14</name>
         <value>0xe98c</value>
         <object_component_ref idref="oc-1ea"/>
      </symbol>
      <symbol id="sm-2fa">
         <name>__mspabi_slli_13</name>
         <value>0xe98e</value>
         <object_component_ref idref="oc-1ea"/>
      </symbol>
      <symbol id="sm-2fb">
         <name>__mspabi_slli_12</name>
         <value>0xe990</value>
         <object_component_ref idref="oc-1ea"/>
      </symbol>
      <symbol id="sm-2fc">
         <name>__mspabi_slli_11</name>
         <value>0xe992</value>
         <object_component_ref idref="oc-1ea"/>
      </symbol>
      <symbol id="sm-2fd">
         <name>__mspabi_slli_10</name>
         <value>0xe994</value>
         <object_component_ref idref="oc-1ea"/>
      </symbol>
      <symbol id="sm-30d">
         <name>__mspabi_slll_9</name>
         <value>0xe6d8</value>
         <object_component_ref idref="oc-268"/>
      </symbol>
      <symbol id="sm-30e">
         <name>__mspabi_slll_8</name>
         <value>0xe6dc</value>
         <object_component_ref idref="oc-268"/>
      </symbol>
      <symbol id="sm-30f">
         <name>__mspabi_slll_7</name>
         <value>0xe6e0</value>
         <object_component_ref idref="oc-268"/>
      </symbol>
      <symbol id="sm-310">
         <name>__mspabi_slll_6</name>
         <value>0xe6e4</value>
         <object_component_ref idref="oc-268"/>
      </symbol>
      <symbol id="sm-311">
         <name>__mspabi_slll_5</name>
         <value>0xe6e8</value>
         <object_component_ref idref="oc-268"/>
      </symbol>
      <symbol id="sm-312">
         <name>__mspabi_slll_4</name>
         <value>0xe6ec</value>
         <object_component_ref idref="oc-268"/>
      </symbol>
      <symbol id="sm-313">
         <name>__mspabi_slll_3</name>
         <value>0xe6f0</value>
         <object_component_ref idref="oc-268"/>
      </symbol>
      <symbol id="sm-314">
         <name>__mspabi_slll_2</name>
         <value>0xe6f4</value>
         <object_component_ref idref="oc-268"/>
      </symbol>
      <symbol id="sm-315">
         <name>__mspabi_slll_1</name>
         <value>0xe6f8</value>
         <object_component_ref idref="oc-268"/>
      </symbol>
      <symbol id="sm-316">
         <name>__mspabi_slll</name>
         <value>0xeb92</value>
         <object_component_ref idref="oc-28e"/>
      </symbol>
      <symbol id="sm-317">
         <name>__mspabi_slll_15</name>
         <value>0xe6c0</value>
         <object_component_ref idref="oc-268"/>
      </symbol>
      <symbol id="sm-318">
         <name>__mspabi_slll_14</name>
         <value>0xe6c4</value>
         <object_component_ref idref="oc-268"/>
      </symbol>
      <symbol id="sm-319">
         <name>__mspabi_slll_13</name>
         <value>0xe6c8</value>
         <object_component_ref idref="oc-268"/>
      </symbol>
      <symbol id="sm-31a">
         <name>__mspabi_slll_12</name>
         <value>0xe6cc</value>
         <object_component_ref idref="oc-268"/>
      </symbol>
      <symbol id="sm-31b">
         <name>__mspabi_slll_11</name>
         <value>0xe6d0</value>
         <object_component_ref idref="oc-268"/>
      </symbol>
      <symbol id="sm-31c">
         <name>__mspabi_slll_10</name>
         <value>0xe6d4</value>
         <object_component_ref idref="oc-268"/>
      </symbol>
      <symbol id="sm-324">
         <name>__mspabi_srli_8</name>
         <value>0xe618</value>
         <object_component_ref idref="oc-1df"/>
      </symbol>
      <symbol id="sm-325">
         <name>__mspabi_srli_9</name>
         <value>0xe614</value>
         <object_component_ref idref="oc-1df"/>
      </symbol>
      <symbol id="sm-326">
         <name>__mspabi_srli_6</name>
         <value>0xe620</value>
         <object_component_ref idref="oc-1df"/>
      </symbol>
      <symbol id="sm-327">
         <name>__mspabi_srli_7</name>
         <value>0xe61c</value>
         <object_component_ref idref="oc-1df"/>
      </symbol>
      <symbol id="sm-328">
         <name>__mspabi_srli_4</name>
         <value>0xe628</value>
         <object_component_ref idref="oc-1df"/>
      </symbol>
      <symbol id="sm-329">
         <name>__mspabi_srli_5</name>
         <value>0xe624</value>
         <object_component_ref idref="oc-1df"/>
      </symbol>
      <symbol id="sm-32a">
         <name>__mspabi_srli_2</name>
         <value>0xe630</value>
         <object_component_ref idref="oc-1df"/>
      </symbol>
      <symbol id="sm-32b">
         <name>__mspabi_srli_3</name>
         <value>0xe62c</value>
         <object_component_ref idref="oc-1df"/>
      </symbol>
      <symbol id="sm-32c">
         <name>__mspabi_srli_1</name>
         <value>0xe634</value>
         <object_component_ref idref="oc-1df"/>
      </symbol>
      <symbol id="sm-32d">
         <name>__mspabi_srli</name>
         <value>0xe5ee</value>
         <object_component_ref idref="oc-1df"/>
      </symbol>
      <symbol id="sm-32e">
         <name>__mspabi_srli_15</name>
         <value>0xe5fc</value>
         <object_component_ref idref="oc-1df"/>
      </symbol>
      <symbol id="sm-32f">
         <name>__mspabi_srli_14</name>
         <value>0xe600</value>
         <object_component_ref idref="oc-1df"/>
      </symbol>
      <symbol id="sm-330">
         <name>__mspabi_srli_13</name>
         <value>0xe604</value>
         <object_component_ref idref="oc-1df"/>
      </symbol>
      <symbol id="sm-331">
         <name>__mspabi_srli_12</name>
         <value>0xe608</value>
         <object_component_ref idref="oc-1df"/>
      </symbol>
      <symbol id="sm-332">
         <name>__mspabi_srli_11</name>
         <value>0xe60c</value>
         <object_component_ref idref="oc-1df"/>
      </symbol>
      <symbol id="sm-333">
         <name>__mspabi_srli_10</name>
         <value>0xe610</value>
         <object_component_ref idref="oc-1df"/>
      </symbol>
      <symbol id="sm-343">
         <name>__mspabi_srll_8</name>
         <value>0xe472</value>
         <object_component_ref idref="oc-26d"/>
      </symbol>
      <symbol id="sm-344">
         <name>__mspabi_srll_9</name>
         <value>0xe46c</value>
         <object_component_ref idref="oc-26d"/>
      </symbol>
      <symbol id="sm-345">
         <name>__mspabi_srll_6</name>
         <value>0xe47e</value>
         <object_component_ref idref="oc-26d"/>
      </symbol>
      <symbol id="sm-346">
         <name>__mspabi_srll_7</name>
         <value>0xe478</value>
         <object_component_ref idref="oc-26d"/>
      </symbol>
      <symbol id="sm-347">
         <name>__mspabi_srll_4</name>
         <value>0xe48a</value>
         <object_component_ref idref="oc-26d"/>
      </symbol>
      <symbol id="sm-348">
         <name>__mspabi_srll_5</name>
         <value>0xe484</value>
         <object_component_ref idref="oc-26d"/>
      </symbol>
      <symbol id="sm-349">
         <name>__mspabi_srll_2</name>
         <value>0xe496</value>
         <object_component_ref idref="oc-26d"/>
      </symbol>
      <symbol id="sm-34a">
         <name>__mspabi_srll_3</name>
         <value>0xe490</value>
         <object_component_ref idref="oc-26d"/>
      </symbol>
      <symbol id="sm-34b">
         <name>__mspabi_srll_1</name>
         <value>0xe49c</value>
         <object_component_ref idref="oc-26d"/>
      </symbol>
      <symbol id="sm-34c">
         <name>__mspabi_srll_15</name>
         <value>0xe448</value>
         <object_component_ref idref="oc-26d"/>
      </symbol>
      <symbol id="sm-34d">
         <name>__mspabi_srll_14</name>
         <value>0xe44e</value>
         <object_component_ref idref="oc-26d"/>
      </symbol>
      <symbol id="sm-34e">
         <name>__mspabi_srll_13</name>
         <value>0xe454</value>
         <object_component_ref idref="oc-26d"/>
      </symbol>
      <symbol id="sm-34f">
         <name>__mspabi_srll_12</name>
         <value>0xe45a</value>
         <object_component_ref idref="oc-26d"/>
      </symbol>
      <symbol id="sm-350">
         <name>__mspabi_srll_11</name>
         <value>0xe460</value>
         <object_component_ref idref="oc-26d"/>
      </symbol>
      <symbol id="sm-351">
         <name>__mspabi_srll_10</name>
         <value>0xe466</value>
         <object_component_ref idref="oc-26d"/>
      </symbol>
      <symbol id="sm-352">
         <name>__mspabi_srll</name>
         <value>0xeb5e</value>
         <object_component_ref idref="oc-293"/>
      </symbol>
      <symbol id="sm-360">
         <name>memcpy</name>
         <value>0xeb70</value>
         <object_component_ref idref="oc-8d"/>
      </symbol>
      <symbol id="sm-383">
         <name>__mspabi_mpyd</name>
         <value>0xcf8e</value>
         <object_component_ref idref="oc-14c"/>
      </symbol>
      <symbol id="sm-38d">
         <name>__mspabi_mpyi_sw</name>
         <value>0xeb26</value>
         <object_component_ref idref="oc-27f"/>
      </symbol>
      <symbol id="sm-38e">
         <name>__mspabi_mpyi</name>
         <value>0xeb26</value>
         <object_component_ref idref="oc-27f"/>
      </symbol>
      <symbol id="sm-398">
         <name>__mspabi_mpyl_sw</name>
         <value>0xea26</value>
         <object_component_ref idref="oc-275"/>
      </symbol>
      <symbol id="sm-399">
         <name>__mspabi_mpyl</name>
         <value>0xea26</value>
         <object_component_ref idref="oc-275"/>
      </symbol>
      <symbol id="sm-3a2">
         <name>__mspabi_negd</name>
         <value>0xe9aa</value>
         <object_component_ref idref="oc-16b"/>
      </symbol>
      <symbol id="sm-3ab">
         <name>_system_pre_init</name>
         <value>0xebe4</value>
         <object_component_ref idref="oc-b9"/>
      </symbol>
      <symbol id="sm-3be">
         <name>__TI_renormd</name>
         <value>0xe100</value>
         <object_component_ref idref="oc-29d"/>
      </symbol>
      <symbol id="sm-3cd">
         <name>round</name>
         <value>0xe03c</value>
         <object_component_ref idref="oc-171"/>
      </symbol>
      <symbol id="sm-3ee">
         <name>sprintf</name>
         <value>0xe76e</value>
         <object_component_ref idref="oc-188"/>
      </symbol>
      <symbol id="sm-3fe">
         <name>sqrt</name>
         <value>0xd694</value>
         <object_component_ref idref="oc-158"/>
      </symbol>
      <symbol id="sm-407">
         <name>__mspabi_subd</name>
         <value>0xe89c</value>
         <object_component_ref idref="oc-164"/>
      </symbol>
      <symbol id="sm-431">
         <name>_Atan</name>
         <value>0xca3e</value>
         <object_component_ref idref="oc-22c"/>
      </symbol>
      <symbol id="sm-44b">
         <name>_Dint</name>
         <value>0xdea6</value>
         <object_component_ref idref="oc-236"/>
      </symbol>
      <symbol id="sm-468">
         <name>_Dscale</name>
         <value>0xd88c</value>
         <object_component_ref idref="oc-216"/>
      </symbol>
      <symbol id="sm-479">
         <name>_Dunscale</name>
         <value>0xe2f6</value>
         <object_component_ref idref="oc-20b"/>
      </symbol>
      <symbol id="sm-485">
         <name>_Feraise</name>
         <value>0xe7dc</value>
         <object_component_ref idref="oc-21c"/>
      </symbol>
      <symbol id="sm-48c">
         <name>_Rteps</name>
         <value>0x260</value>
         <object_component_ref idref="oc-222"/>
      </symbol>
      <symbol id="sm-48d">
         <name>_Zero</name>
         <value>0x278</value>
         <object_component_ref idref="oc-222"/>
      </symbol>
      <symbol id="sm-48e">
         <name>_Hugeval</name>
         <value>0x220</value>
         <object_component_ref idref="oc-222"/>
      </symbol>
      <symbol id="sm-48f">
         <name>_Snan</name>
         <value>0x250</value>
         <object_component_ref idref="oc-222"/>
      </symbol>
      <symbol id="sm-490">
         <name>_Nan</name>
         <value>0x240</value>
         <object_component_ref idref="oc-222"/>
      </symbol>
      <symbol id="sm-491">
         <name>_Inf</name>
         <value>0x230</value>
         <object_component_ref idref="oc-222"/>
      </symbol>
      <symbol id="sm-492">
         <name>_Xbig</name>
         <value>0x270</value>
         <object_component_ref idref="oc-222"/>
      </symbol>
      <symbol id="sm-493">
         <name>_Eps</name>
         <value>0x210</value>
         <object_component_ref idref="oc-222"/>
      </symbol>
      <symbol id="sm-494">
         <name>_Denorm</name>
         <value>0x200</value>
         <object_component_ref idref="oc-222"/>
      </symbol>
      <symbol id="sm-4aa">
         <name>_nop</name>
         <value>0xebec</value>
         <object_component_ref idref="oc-1b6"/>
      </symbol>
      <symbol id="sm-4ab">
         <name>_lock</name>
         <value>0x2e4</value>
         <object_component_ref idref="oc-11a"/>
      </symbol>
      <symbol id="sm-4ac">
         <name>_unlock</name>
         <value>0x2e6</value>
         <object_component_ref idref="oc-123"/>
      </symbol>
      <symbol id="sm-513">
         <name>__TI_printfi_minimal</name>
         <value>0xdf72</value>
         <object_component_ref idref="oc-251"/>
      </symbol>
      <symbol id="sm-525">
         <name>__mspabi_sral</name>
         <value>0xeb82</value>
         <object_component_ref idref="oc-298"/>
      </symbol>
      <symbol id="sm-526">
         <name>__mspabi_sral_15</name>
         <value>0xe682</value>
         <object_component_ref idref="oc-27a"/>
      </symbol>
      <symbol id="sm-527">
         <name>__mspabi_sral_14</name>
         <value>0xe686</value>
         <object_component_ref idref="oc-27a"/>
      </symbol>
      <symbol id="sm-528">
         <name>__mspabi_sral_13</name>
         <value>0xe68a</value>
         <object_component_ref idref="oc-27a"/>
      </symbol>
      <symbol id="sm-529">
         <name>__mspabi_sral_12</name>
         <value>0xe68e</value>
         <object_component_ref idref="oc-27a"/>
      </symbol>
      <symbol id="sm-52a">
         <name>__mspabi_sral_11</name>
         <value>0xe692</value>
         <object_component_ref idref="oc-27a"/>
      </symbol>
      <symbol id="sm-52b">
         <name>__mspabi_sral_10</name>
         <value>0xe696</value>
         <object_component_ref idref="oc-27a"/>
      </symbol>
      <symbol id="sm-52c">
         <name>__mspabi_sral_8</name>
         <value>0xe69e</value>
         <object_component_ref idref="oc-27a"/>
      </symbol>
      <symbol id="sm-52d">
         <name>__mspabi_sral_9</name>
         <value>0xe69a</value>
         <object_component_ref idref="oc-27a"/>
      </symbol>
      <symbol id="sm-52e">
         <name>__mspabi_sral_6</name>
         <value>0xe6a6</value>
         <object_component_ref idref="oc-27a"/>
      </symbol>
      <symbol id="sm-52f">
         <name>__mspabi_sral_7</name>
         <value>0xe6a2</value>
         <object_component_ref idref="oc-27a"/>
      </symbol>
      <symbol id="sm-530">
         <name>__mspabi_sral_4</name>
         <value>0xe6ae</value>
         <object_component_ref idref="oc-27a"/>
      </symbol>
      <symbol id="sm-531">
         <name>__mspabi_sral_5</name>
         <value>0xe6aa</value>
         <object_component_ref idref="oc-27a"/>
      </symbol>
      <symbol id="sm-532">
         <name>__mspabi_sral_2</name>
         <value>0xe6b6</value>
         <object_component_ref idref="oc-27a"/>
      </symbol>
      <symbol id="sm-533">
         <name>__mspabi_sral_3</name>
         <value>0xe6b2</value>
         <object_component_ref idref="oc-27a"/>
      </symbol>
      <symbol id="sm-534">
         <name>__mspabi_sral_1</name>
         <value>0xe6ba</value>
         <object_component_ref idref="oc-27a"/>
      </symbol>
      <symbol id="sm-54b">
         <name>_auto_init</name>
         <value>0xe4a4</value>
         <object_component_ref idref="oc-bf"/>
      </symbol>
      <symbol id="sm-557">
         <name>__mspabi_remi</name>
         <value>0xe952</value>
         <object_component_ref idref="oc-211"/>
      </symbol>
      <symbol id="sm-558">
         <name>__mspabi_divi</name>
         <value>0xe952</value>
         <object_component_ref idref="oc-211"/>
      </symbol>
      <symbol id="sm-562">
         <name>__mspabi_remu</name>
         <value>0xeae8</value>
         <object_component_ref idref="oc-2af"/>
      </symbol>
      <symbol id="sm-563">
         <name>__mspabi_divu</name>
         <value>0xeae8</value>
         <object_component_ref idref="oc-2af"/>
      </symbol>
      <symbol id="sm-56a">
         <name>_Errno</name>
         <value>0x2e8</value>
         <object_component_ref idref="oc-2bd"/>
      </symbol>
      <symbol id="sm-582">
         <name>feraiseexcept</name>
         <value>0xe8f8</value>
         <object_component_ref idref="oc-2b7"/>
      </symbol>
      <symbol id="sm-583">
         <name>_Tls_setup__Fenv</name>
         <value>0x2e2</value>
         <object_component_ref idref="oc-31b"/>
      </symbol>
      <symbol id="sm-584">
         <name>_Fenv</name>
         <value>0x2de</value>
         <object_component_ref idref="oc-31b"/>
      </symbol>
      <symbol id="sm-595">
         <name>__TI_frcmpyd</name>
         <value>0xc462</value>
         <object_component_ref idref="oc-1fb"/>
      </symbol>
      <symbol id="sm-5a4">
         <name>memccpy</name>
         <value>0xea9e</value>
         <object_component_ref idref="oc-33f"/>
      </symbol>
      <symbol id="sm-5b2">
         <name>memset</name>
         <value>0xeb12</value>
         <object_component_ref idref="oc-332"/>
      </symbol>
      <symbol id="sm-5c5">
         <name>raise</name>
         <value>0xe80e</value>
         <object_component_ref idref="oc-31e"/>
      </symbol>
      <symbol id="sm-5d9">
         <name>signal</name>
         <value>0xe736</value>
         <object_component_ref idref="oc-355"/>
      </symbol>
      <symbol id="sm-5e6">
         <name>strlen</name>
         <value>0xebb2</value>
         <object_component_ref idref="oc-2dc"/>
      </symbol>
      <symbol id="sm-5f9">
         <name>_Dnorm</name>
         <value>0xdcba</value>
         <object_component_ref idref="oc-2a7"/>
      </symbol>
      <symbol id="sm-5fb">
         <name>__TI_INITARRAY_Base</name>
         <value>0x0</value>
      </symbol>
      <symbol id="sm-5fc">
         <name>__TI_INITARRAY_Limit</name>
         <value>0x0</value>
      </symbol>
   </symbol_table>
   <title>Link successful</title>
</link_info>
