******************************************************************************
                  MSP430 Linker PC v4.4.3                      
******************************************************************************
>> Linked Tue Jun 16 00:51:28 2015

OUTPUT FILE NAME:   <Real1.out>
ENTRY POINT SYMBOL: "_c_int00_noargs_noexit"  address: 0000ea6a


MEMORY CONFIGURATION

         name            origin    length      used     unused   attr    fill
----------------------  --------  ---------  --------  --------  ----  --------
  SFR                   00000000   00000010  00000000  00000010  RWIX
  PERIPHERALS_8BIT      00000010   000000f0  00000000  000000f0  RWIX
  PERIPHERALS_16BIT     00000100   00000100  00000000  00000100  RWIX
  RAM                   00000200   00000200  00000196  0000006a  RWIX
  INFOD                 00001000   00000040  00000000  00000040  RWIX
  INFOC                 00001040   00000040  00000000  00000040  RWIX
  INFOB                 00001080   00000040  00000000  00000040  RWIX
  INFOA                 000010c0   00000040  00000000  00000040  RWIX
  FLASH                 0000c000   00003fe0  00002cf4  000012ec  RWIX
  INT00                 0000ffe0   00000002  00000000  00000002  RWIX
  INT01                 0000ffe2   00000002  00000000  00000002  RWIX
  INT02                 0000ffe4   00000002  00000002  00000000  RWIX
  INT03                 0000ffe6   00000002  00000002  00000000  RWIX
  INT04                 0000ffe8   00000002  00000000  00000002  RWIX
  INT05                 0000ffea   00000002  00000002  00000000  RWIX
  INT06                 0000ffec   00000002  00000002  00000000  RWIX
  INT07                 0000ffee   00000002  00000002  00000000  RWIX
  INT08                 0000fff0   00000002  00000002  00000000  RWIX
  INT09                 0000fff2   00000002  00000002  00000000  RWIX
  INT10                 0000fff4   00000002  00000002  00000000  RWIX
  INT11                 0000fff6   00000002  00000002  00000000  RWIX
  INT12                 0000fff8   00000002  00000002  00000000  RWIX
  INT13                 0000fffa   00000002  00000002  00000000  RWIX
  INT14                 0000fffc   00000002  00000002  00000000  RWIX
  RESET                 0000fffe   00000002  00000002  00000000  RWIX


SECTION ALLOCATION MAP

 output                                  attributes/
section   page    origin      length       input sections
--------  ----  ----------  ----------   ----------------
.data      0    00000200    000000ea     UNINITIALIZED
                  00000200    00000080     rts430_eabi.lib : xvalues.obj (.data)
                  00000280    00000058                     : signal.obj (.data:sigtable)
                  000002d8    00000006     main.obj (.data)
                  000002de    00000006     rts430_eabi.lib : feraiseexcept.obj (.data)
                  000002e4    00000002                     : _lock.obj (.data:_lock)
                  000002e6    00000002                     : _lock.obj (.data:_unlock)
                  000002e8    00000002                     : errno.obj (.data)

.bss       0    000002ea    0000005c     UNINITIALIZED
                  000002ea    00000020     (.common:aux)
                  0000030a    00000018     (.common:newAngle)
                  00000322    00000008     (.common:buff)
                  0000032a    00000006     (.common:a)
                  00000330    00000006     (.common:buffer)
                  00000336    00000002     (.common:PRx)
                  00000338    00000002     (.common:PTx)
                  0000033a    00000002     (.common:anx)
                  0000033c    00000002     (.common:any)
                  0000033e    00000002     (.common:anz)
                  00000340    00000002     (.common:ax)
                  00000342    00000002     (.common:ay)
                  00000344    00000002     (.common:az)

.stack     0    000003b0    00000050     UNINITIALIZED
                  000003b0    00000002     rts430_eabi.lib : boot.obj (.stack)
                  000003b2    0000004e     --HOLE--

.text      0    0000c000    00002bee     
                  0000c000    00000462     rts430_eabi.lib : frcdivd.obj (.text:__TI_frcdivd)
                  0000c462    000002f4                     : frcmpyd.obj (.text:__TI_frcmpyd)
                  0000c756    000002e8                     : addd.obj (.text:__mspabi_addd)
                  0000ca3e    000002de                     : xatan.obj (.text:_Atan)
                  0000cd1c    00000272     main.obj (.text:main)
                  0000cf8e    0000026e     rts430_eabi.lib : mpyd.obj (.text:__mspabi_mpyd)
                  0000d1fc    00000260                     : frcaddd.obj (.text:__TI_frcaddd)
                  0000d45c    00000238                     : divd.obj (.text:__mspabi_divd)
                  0000d694    000001f8                     : sqrt.obj (.text:sqrt)
                  0000d88c    000001b4                     : xdscale.obj (.text:_Dscale)
                  0000da40    00000164                     : acos.obj (.text:acos)
                  0000dba4    00000116                     : _printfi_min.obj (.text:_setfield)
                  0000dcba    00000110                     : xdnorm.obj (.text:_Dnorm)
                  0000ddca    000000dc                     : cmpd.obj (.text:__mspabi_cmpd)
                  0000dea6    000000cc                     : xdint.obj (.text:_Dint)
                  0000df72    000000ca                     : _printfi_min.obj (.text:__TI_printfi_minimal)
                  0000e03c    000000c4                     : round.obj (.text:round)
                  0000e100    000000be                     : renormd.obj (.text:__TI_renormd)
                  0000e1be    000000a2                     : fltlid.obj (.text:__mspabi_fltlid)
                  0000e260    00000096     main.obj (.text:USCIAB0TX_ISR)
                  0000e2f6    0000007c     rts430_eabi.lib : xdunscal.obj (.text:_Dunscale)
                  0000e372    00000072                     : fixdli.obj (.text:__mspabi_fixdli)
                  0000e3e4    00000064                     : copy_decompress_rle.obj (.text:__TI_decompress_rle_core)
                  0000e448    0000005c                     : lsr32.obj (.text:l_lsr_const)
                  0000e4a4    00000058                     : autoinit.obj (.text:_auto_init)
                  0000e4fc    00000056                     : _printfi_min.obj (.text:_ltostr)
                  0000e552    0000004e                     : _printfi_min.obj (.text:_pproc_diouxp)
                  0000e5a0    0000004e     main.obj (.text:getMotion6)
                  0000e5ee    0000004c     rts430_eabi.lib : lsr16.obj (.text)
                  0000e63a    00000048                     : _printfi_min.obj (.text:_pproc_str)
                  0000e682    0000003e                     : asr32.obj (.text:l_asr_const)
                  0000e6c0    0000003e                     : lsl32.obj (.text:l_lsl_const)
                  0000e6fe    00000038     main.obj (.text:ReadBytes)
                  0000e736    00000038     rts430_eabi.lib : signal.obj (.text:signal)
                  0000e76e    00000038                     : sprintf.obj (.text:sprintf)
                  0000e7a6    00000036     main.obj (.text:Init_i2c)
                  0000e7dc    00000032     rts430_eabi.lib : xferaise.obj (.text:_Feraise)
                  0000e80e    00000032                     : raise.obj (.text:raise)
                  0000e840    0000002e     main.obj (.text:UART_Write_String)
                  0000e86e    0000002e     main.obj (.text:WriteBytes)
                  0000e89c    0000002e     rts430_eabi.lib : subd.obj (.text:__mspabi_subd)
                  0000e8ca    0000002e                     : _printfi_min.obj (.text:_getarg_diouxp)
                  0000e8f8    0000002e                     : feraiseexcept.obj (.text:feraiseexcept)
                  0000e926    0000002c                     : asr16.obj (.text)
                  0000e952    0000002c                     : div16s.obj (.text)
                  0000e97e    0000002c                     : lsl16.obj (.text)
                  0000e9aa    0000002a                     : negd.obj (.text:__mspabi_negd)
                  0000e9d4    0000002a     main.obj (.text:initUart)
                  0000e9fe    00000028     rts430_eabi.lib : fixdi.obj (.text:__mspabi_fixdi)
                  0000ea26    00000026                     : mult32.obj (.text)
                  0000ea4c    0000001e     main.obj (.text:transmitIni)
                  0000ea6a    0000001a     rts430_eabi.lib : boot_special.obj (.text:_c_int00_noargs_noexit)
                  0000ea84    0000001a                     : sprintf.obj (.text:_outs)
                  0000ea9e    0000001a                     : memccpy.obj (.text:memccpy)
                  0000eab8    00000018                     : _printfi_min.obj (.text:_div)
                  0000ead0    00000018     main.obj (.text:initializeIMU)
                  0000eae8    00000016     rts430_eabi.lib : div16u.obj (.text)
                  0000eafe    00000014                     : copy_zero_init.obj (.text:decompress:ZI:__TI_zero_init)
                  0000eb12    00000014                     : memset.obj (.text:memset)
                  0000eb26    00000014                     : mult16.obj (.text)
                  0000eb3a    00000012                     : sprintf.obj (.text:_outc)
                  0000eb4c    00000012                     : copy_decompress_none.obj (.text:decompress:none:__TI_decompress_none)
                  0000eb5e    00000012                     : lsr32.obj (.text:l_lsr)
                  0000eb70    00000012                     : memcpy.obj (.text:memcpy)
                  0000eb82    00000010                     : asr32.obj (.text:l_asr)
                  0000eb92    00000010                     : lsl32.obj (.text:l_lsl)
                  0000eba2    00000010                     : epilog.obj (.text)
                  0000ebb2    0000000e                     : strlen.obj (.text:strlen)
                  0000ebc0    0000000c     main.obj (.text:UART_Write_Char)
                  0000ebcc    0000000c     rts430_eabi.lib : fltid.obj (.text:__mspabi_fltid)
                  0000ebd8    00000006                     : isr_trap.obj (.text:_isr:__TI_ISR_TRAP)
                  0000ebde    00000006                     : copy_decompress_rle.obj (.text:decompress:rle24:__TI_decompress_rle24)
                  0000ebe4    00000004                     : pre_init.obj (.text:_system_pre_init)
                  0000ebe8    00000004                     : exit.obj (.text:abort)
                  0000ebec    00000002                     : _lock.obj (.text:_nop)

.const     0    0000ebee    000000b8     
                  0000ebee    00000040     rts430_eabi.lib : xatan.obj (.const:a)
                  0000ec2e    00000020                     : xatan.obj (.const:c)
                  0000ec4e    00000020                     : xdint.obj (.const:mask$1)
                  0000ec6e    00000018                     : xatan.obj (.const:s)
                  0000ec86    00000014                     : _printfi_min.obj (.const:.string)
                  0000ec9a    00000008                     : xdint.obj (.const:sub$2)
                  0000eca2    00000004     main.obj (.const:.string)

.cinit     0    0000eca6    0000004e     
                  0000eca6    0000003b     (.cinit..data.load) [load image, compression = rle]
                  0000ece1    00000001     --HOLE-- [fill = 0]
                  0000ece2    00000006     (__TI_handler_table)
                  0000ece8    00000004     (.cinit..bss.load) [load image, compression = zero_init]
                  0000ecec    00000008     (__TI_cinit_table)

.init_array 
*          0    0000c000    00000000     UNINITIALIZED

.TI.persistent 
*          0    00000200    00000000     UNINITIALIZED

.TI.noinit 
*          0    000002ea    00000000     UNINITIALIZED

PORT1      0    0000ffe4    00000002     
                  0000ffe4    00000002     rts430_eabi.lib : int02.obj (.int02)

PORT2      0    0000ffe6    00000002     
                  0000ffe6    00000002     rts430_eabi.lib : int03.obj (.int03)

ADC10      0    0000ffea    00000002     
                  0000ffea    00000002     rts430_eabi.lib : int05.obj (.int05)

USCIAB0TX 
*          0    0000ffec    00000002     
                  0000ffec    00000002     main.obj (.int06)

USCIAB0RX 
*          0    0000ffee    00000002     
                  0000ffee    00000002     rts430_eabi.lib : int07.obj (.int07)

TIMER0_A1 
*          0    0000fff0    00000002     
                  0000fff0    00000002     rts430_eabi.lib : int08.obj (.int08)

TIMER0_A0 
*          0    0000fff2    00000002     
                  0000fff2    00000002     rts430_eabi.lib : int09.obj (.int09)

WDT        0    0000fff4    00000002     
                  0000fff4    00000002     rts430_eabi.lib : int10.obj (.int10)

COMPARATORA 
*          0    0000fff6    00000002     
                  0000fff6    00000002     rts430_eabi.lib : int11.obj (.int11)

TIMER1_A1 
*          0    0000fff8    00000002     
                  0000fff8    00000002     rts430_eabi.lib : int12.obj (.int12)

TIMER1_A0 
*          0    0000fffa    00000002     
                  0000fffa    00000002     rts430_eabi.lib : int13.obj (.int13)

NMI        0    0000fffc    00000002     
                  0000fffc    00000002     rts430_eabi.lib : int14.obj (.int14)

.reset     0    0000fffe    00000002     
                  0000fffe    00000002     rts430_eabi.lib : boot.obj (.reset)


LINKER GENERATED COPY TABLES

__TI_cinit_table @ 0000ecec records: 2, size/record: 4, table size: 8
	.data: load addr=0000eca6, load size=0000003b bytes, run addr=00000200, run size=000000ea bytes, compression=rle
	.bss: load addr=0000ece8, load size=00000004 bytes, run addr=000002ea, run size=0000005c bytes, compression=zero_init


LINKER GENERATED HANDLER TABLE

__TI_handler_table @ 0000ece2 records: 3, size/record: 2, table size: 6
	index: 0, handler: __TI_zero_init
	index: 1, handler: __TI_decompress_rle24
	index: 2, handler: __TI_decompress_none


GLOBAL SYMBOLS: SORTED ALPHABETICALLY BY Name 

address   name                    
-------   ----                    
0000004a  ADC10AE0                
000001b0  ADC10CTL0               
000001b2  ADC10CTL1               
00000048  ADC10DTC0               
00000049  ADC10DTC1               
000001b4  ADC10MEM                
000001bc  ADC10SA                 
00000057  BCSCTL1                 
00000058  BCSCTL2                 
00000053  BCSCTL3                 
0000ebe8  C$$EXIT                 
00000059  CACTL1                  
0000005a  CACTL2                  
000010fb  CALBC1_12MHZ            
000010f9  CALBC1_16MHZ            
000010ff  CALBC1_1MHZ             
000010fd  CALBC1_8MHZ             
000010fa  CALDCO_12MHZ            
000010f8  CALDCO_16MHZ            
000010fe  CALDCO_1MHZ             
000010fc  CALDCO_8MHZ             
0000005b  CAPD                    
00000056  DCOCTL                  
00000128  FCTL1                   
0000012a  FCTL2                   
0000012c  FCTL3                   
00000000  IE1                     
00000001  IE2                     
00000002  IFG1                    
00000003  IFG2                    
0000e7a6  Init_i2c                
00000022  P1DIR                   
00000025  P1IE                    
00000024  P1IES                   
00000023  P1IFG                   
00000020  P1IN                    
00000021  P1OUT                   
00000027  P1REN                   
00000026  P1SEL                   
00000041  P1SEL2                  
0000002a  P2DIR                   
0000002d  P2IE                    
0000002c  P2IES                   
0000002b  P2IFG                   
00000028  P2IN                    
00000029  P2OUT                   
0000002f  P2REN                   
0000002e  P2SEL                   
00000042  P2SEL2                  
0000001a  P3DIR                   
00000018  P3IN                    
00000019  P3OUT                   
00000010  P3REN                   
0000001b  P3SEL                   
00000043  P3SEL2                  
00000336  PRx                     
00000338  PTx                     
000002da  RX                      
000002d8  RXByteCtr               
0000e6fe  ReadBytes               
00000172  TA0CCR0                 
00000174  TA0CCR1                 
00000176  TA0CCR2                 
00000162  TA0CCTL0                
00000164  TA0CCTL1                
00000166  TA0CCTL2                
00000160  TA0CTL                  
0000012e  TA0IV                   
00000170  TA0R                    
00000192  TA1CCR0                 
00000194  TA1CCR1                 
00000196  TA1CCR2                 
00000182  TA1CCTL0                
00000184  TA1CCTL1                
00000186  TA1CCTL2                
00000180  TA1CTL                  
0000011e  TA1IV                   
00000190  TA1R                    
000010db  TLV_ADC10_1_LEN         
000010da  TLV_ADC10_1_TAG         
000010c0  TLV_CHECKSUM            
000010f7  TLV_DCO_30_LEN          
000010f6  TLV_DCO_30_TAG          
000002d9  TXByteCtr               
0000ebc0  UART_Write_Char         
0000e840  UART_Write_String       
0000005d  UCA0ABCTL               
00000062  UCA0BR0                 
00000063  UCA0BR1                 
00000060  UCA0CTL0                
00000061  UCA0CTL1                
0000005f  UCA0IRRCTL              
0000005e  UCA0IRTCTL              
00000064  UCA0MCTL                
00000066  UCA0RXBUF               
00000065  UCA0STAT                
00000067  UCA0TXBUF               
0000006a  UCB0BR0                 
0000006b  UCB0BR1                 
00000068  UCB0CTL0                
00000069  UCB0CTL1                
0000006c  UCB0I2CIE               
00000118  UCB0I2COA               
0000011a  UCB0I2CSA               
0000006e  UCB0RXBUF               
0000006d  UCB0STAT                
0000006f  UCB0TXBUF               
0000e260  USCIAB0TX_ISR           
00000120  WDTCTL                  
0000e86e  WriteBytes              
0000ca3e  _Atan                   
00000200  _Denorm                 
0000dea6  _Dint                   
0000dcba  _Dnorm                  
0000d88c  _Dscale                 
0000e2f6  _Dunscale               
00000210  _Eps                    
000002e8  _Errno                  
000002de  _Fenv                   
0000e7dc  _Feraise                
00000220  _Hugeval                
00000230  _Inf                    
00000240  _Nan                    
00000260  _Rteps                  
00000250  _Snan                   
000002e2  _Tls_setup__Fenv        
00000270  _Xbig                   
00000278  _Zero                   
00000400  __STACK_END             
00000050  __STACK_SIZE            
0000ecec  __TI_CINIT_Base         
0000ecf4  __TI_CINIT_Limit        
0000ece2  __TI_Handler_Table_Base 
0000ece8  __TI_Handler_Table_Limit
UNDEFED   __TI_INITARRAY_Base     
UNDEFED   __TI_INITARRAY_Limit    
0000ebd8  __TI_ISR_TRAP           
0000eb4c  __TI_decompress_none    
0000ebde  __TI_decompress_rle24   
0000d1fc  __TI_frcaddd            
0000c000  __TI_frcdivd            
0000c462  __TI_frcmpyd            
0000ffe4  __TI_int02              
0000ffe6  __TI_int03              
0000ffea  __TI_int05              
0000ffec  __TI_int06              
0000ffee  __TI_int07              
0000fff0  __TI_int08              
0000fff2  __TI_int09              
0000fff4  __TI_int10              
0000fff6  __TI_int11              
0000fff8  __TI_int12              
0000fffa  __TI_int13              
0000fffc  __TI_int14              
0000df72  __TI_printfi_minimal    
0000e100  __TI_renormd            
0000eafe  __TI_zero_init          
ffffffff  __binit__               
ffffffff  __c_args__              
0000c756  __mspabi_addd           
0000ddca  __mspabi_cmpd           
0000d45c  __mspabi_divd           
0000e952  __mspabi_divi           
0000eae8  __mspabi_divu           
0000e9fe  __mspabi_fixdi          
0000e372  __mspabi_fixdli         
0000ebcc  __mspabi_fltid          
0000e1be  __mspabi_fltlid         
0000ebae  __mspabi_func_epilog_1  
0000ebac  __mspabi_func_epilog_2  
0000ebaa  __mspabi_func_epilog_3  
0000eba8  __mspabi_func_epilog_4  
0000eba6  __mspabi_func_epilog_5  
0000eba4  __mspabi_func_epilog_6  
0000eba2  __mspabi_func_epilog_7  
0000cf8e  __mspabi_mpyd           
0000eb26  __mspabi_mpyi           
0000eb26  __mspabi_mpyi_sw        
0000ea26  __mspabi_mpyl           
0000ea26  __mspabi_mpyl_sw        
0000e9aa  __mspabi_negd           
0000e952  __mspabi_remi           
0000eae8  __mspabi_remu           
0000e97e  __mspabi_slli           
0000e9a6  __mspabi_slli_1         
0000e994  __mspabi_slli_10        
0000e992  __mspabi_slli_11        
0000e990  __mspabi_slli_12        
0000e98e  __mspabi_slli_13        
0000e98c  __mspabi_slli_14        
0000e98a  __mspabi_slli_15        
0000e9a4  __mspabi_slli_2         
0000e9a2  __mspabi_slli_3         
0000e9a0  __mspabi_slli_4         
0000e99e  __mspabi_slli_5         
0000e99c  __mspabi_slli_6         
0000e99a  __mspabi_slli_7         
0000e998  __mspabi_slli_8         
0000e996  __mspabi_slli_9         
0000eb92  __mspabi_slll           
0000e6f8  __mspabi_slll_1         
0000e6d4  __mspabi_slll_10        
0000e6d0  __mspabi_slll_11        
0000e6cc  __mspabi_slll_12        
0000e6c8  __mspabi_slll_13        
0000e6c4  __mspabi_slll_14        
0000e6c0  __mspabi_slll_15        
0000e6f4  __mspabi_slll_2         
0000e6f0  __mspabi_slll_3         
0000e6ec  __mspabi_slll_4         
0000e6e8  __mspabi_slll_5         
0000e6e4  __mspabi_slll_6         
0000e6e0  __mspabi_slll_7         
0000e6dc  __mspabi_slll_8         
0000e6d8  __mspabi_slll_9         
0000e926  __mspabi_srai           
0000e94e  __mspabi_srai_1         
0000e93c  __mspabi_srai_10        
0000e93a  __mspabi_srai_11        
0000e938  __mspabi_srai_12        
0000e936  __mspabi_srai_13        
0000e934  __mspabi_srai_14        
0000e932  __mspabi_srai_15        
0000e94c  __mspabi_srai_2         
0000e94a  __mspabi_srai_3         
0000e948  __mspabi_srai_4         
0000e946  __mspabi_srai_5         
0000e944  __mspabi_srai_6         
0000e942  __mspabi_srai_7         
0000e940  __mspabi_srai_8         
0000e93e  __mspabi_srai_9         
0000eb82  __mspabi_sral           
0000e6ba  __mspabi_sral_1         
0000e696  __mspabi_sral_10        
0000e692  __mspabi_sral_11        
0000e68e  __mspabi_sral_12        
0000e68a  __mspabi_sral_13        
0000e686  __mspabi_sral_14        
0000e682  __mspabi_sral_15        
0000e6b6  __mspabi_sral_2         
0000e6b2  __mspabi_sral_3         
0000e6ae  __mspabi_sral_4         
0000e6aa  __mspabi_sral_5         
0000e6a6  __mspabi_sral_6         
0000e6a2  __mspabi_sral_7         
0000e69e  __mspabi_sral_8         
0000e69a  __mspabi_sral_9         
0000e5ee  __mspabi_srli           
0000e634  __mspabi_srli_1         
0000e610  __mspabi_srli_10        
0000e60c  __mspabi_srli_11        
0000e608  __mspabi_srli_12        
0000e604  __mspabi_srli_13        
0000e600  __mspabi_srli_14        
0000e5fc  __mspabi_srli_15        
0000e630  __mspabi_srli_2         
0000e62c  __mspabi_srli_3         
0000e628  __mspabi_srli_4         
0000e624  __mspabi_srli_5         
0000e620  __mspabi_srli_6         
0000e61c  __mspabi_srli_7         
0000e618  __mspabi_srli_8         
0000e614  __mspabi_srli_9         
0000eb5e  __mspabi_srll           
0000e49c  __mspabi_srll_1         
0000e466  __mspabi_srll_10        
0000e460  __mspabi_srll_11        
0000e45a  __mspabi_srll_12        
0000e454  __mspabi_srll_13        
0000e44e  __mspabi_srll_14        
0000e448  __mspabi_srll_15        
0000e496  __mspabi_srll_2         
0000e490  __mspabi_srll_3         
0000e48a  __mspabi_srll_4         
0000e484  __mspabi_srll_5         
0000e47e  __mspabi_srll_6         
0000e478  __mspabi_srll_7         
0000e472  __mspabi_srll_8         
0000e46c  __mspabi_srll_9         
0000e89c  __mspabi_subd           
0000e4a4  _auto_init              
0000ea6a  _c_int00_noargs_noexit  
000002e4  _lock                   
0000ebec  _nop                    
0000fffe  _reset_vector           
000003b0  _stack                  
0000ebe4  _system_pre_init        
000002e6  _unlock                 
0000032a  a                       
000002db  a1                      
0000ebe8  abort                   
0000da40  acos                    
0000033a  anx                     
0000033c  any                     
0000033e  anz                     
000002ea  aux                     
00000340  ax                      
00000342  ay                      
00000344  az                      
ffffffff  binit                   
00000322  buff                    
00000330  buffer                  
0000e8f8  feraiseexcept           
0000e5a0  getMotion6              
000002dc  i                       
0000e9d4  initUart                
0000ead0  initializeIMU           
0000cd1c  main                    
0000ea9e  memccpy                 
0000eb70  memcpy                  
0000eb12  memset                  
0000030a  newAngle                
0000e80e  raise                   
0000e03c  round                   
0000e736  signal                  
0000e76e  sprintf                 
0000d694  sqrt                    
0000ebb2  strlen                  
0000ea4c  transmitIni             


GLOBAL SYMBOLS: SORTED BY Symbol Address 

address   name                    
-------   ----                    
00000000  IE1                     
00000001  IE2                     
00000002  IFG1                    
00000003  IFG2                    
00000010  P3REN                   
00000018  P3IN                    
00000019  P3OUT                   
0000001a  P3DIR                   
0000001b  P3SEL                   
00000020  P1IN                    
00000021  P1OUT                   
00000022  P1DIR                   
00000023  P1IFG                   
00000024  P1IES                   
00000025  P1IE                    
00000026  P1SEL                   
00000027  P1REN                   
00000028  P2IN                    
00000029  P2OUT                   
0000002a  P2DIR                   
0000002b  P2IFG                   
0000002c  P2IES                   
0000002d  P2IE                    
0000002e  P2SEL                   
0000002f  P2REN                   
00000041  P1SEL2                  
00000042  P2SEL2                  
00000043  P3SEL2                  
00000048  ADC10DTC0               
00000049  ADC10DTC1               
0000004a  ADC10AE0                
00000050  __STACK_SIZE            
00000053  BCSCTL3                 
00000056  DCOCTL                  
00000057  BCSCTL1                 
00000058  BCSCTL2                 
00000059  CACTL1                  
0000005a  CACTL2                  
0000005b  CAPD                    
0000005d  UCA0ABCTL               
0000005e  UCA0IRTCTL              
0000005f  UCA0IRRCTL              
00000060  UCA0CTL0                
00000061  UCA0CTL1                
00000062  UCA0BR0                 
00000063  UCA0BR1                 
00000064  UCA0MCTL                
00000065  UCA0STAT                
00000066  UCA0RXBUF               
00000067  UCA0TXBUF               
00000068  UCB0CTL0                
00000069  UCB0CTL1                
0000006a  UCB0BR0                 
0000006b  UCB0BR1                 
0000006c  UCB0I2CIE               
0000006d  UCB0STAT                
0000006e  UCB0RXBUF               
0000006f  UCB0TXBUF               
00000118  UCB0I2COA               
0000011a  UCB0I2CSA               
0000011e  TA1IV                   
00000120  WDTCTL                  
00000128  FCTL1                   
0000012a  FCTL2                   
0000012c  FCTL3                   
0000012e  TA0IV                   
00000160  TA0CTL                  
00000162  TA0CCTL0                
00000164  TA0CCTL1                
00000166  TA0CCTL2                
00000170  TA0R                    
00000172  TA0CCR0                 
00000174  TA0CCR1                 
00000176  TA0CCR2                 
00000180  TA1CTL                  
00000182  TA1CCTL0                
00000184  TA1CCTL1                
00000186  TA1CCTL2                
00000190  TA1R                    
00000192  TA1CCR0                 
00000194  TA1CCR1                 
00000196  TA1CCR2                 
000001b0  ADC10CTL0               
000001b2  ADC10CTL1               
000001b4  ADC10MEM                
000001bc  ADC10SA                 
00000200  _Denorm                 
00000210  _Eps                    
00000220  _Hugeval                
00000230  _Inf                    
00000240  _Nan                    
00000250  _Snan                   
00000260  _Rteps                  
00000270  _Xbig                   
00000278  _Zero                   
000002d8  RXByteCtr               
000002d9  TXByteCtr               
000002da  RX                      
000002db  a1                      
000002dc  i                       
000002de  _Fenv                   
000002e2  _Tls_setup__Fenv        
000002e4  _lock                   
000002e6  _unlock                 
000002e8  _Errno                  
000002ea  aux                     
0000030a  newAngle                
00000322  buff                    
0000032a  a                       
00000330  buffer                  
00000336  PRx                     
00000338  PTx                     
0000033a  anx                     
0000033c  any                     
0000033e  anz                     
00000340  ax                      
00000342  ay                      
00000344  az                      
000003b0  _stack                  
00000400  __STACK_END             
000010c0  TLV_CHECKSUM            
000010da  TLV_ADC10_1_TAG         
000010db  TLV_ADC10_1_LEN         
000010f6  TLV_DCO_30_TAG          
000010f7  TLV_DCO_30_LEN          
000010f8  CALDCO_16MHZ            
000010f9  CALBC1_16MHZ            
000010fa  CALDCO_12MHZ            
000010fb  CALBC1_12MHZ            
000010fc  CALDCO_8MHZ             
000010fd  CALBC1_8MHZ             
000010fe  CALDCO_1MHZ             
000010ff  CALBC1_1MHZ             
0000c000  __TI_frcdivd            
0000c462  __TI_frcmpyd            
0000c756  __mspabi_addd           
0000ca3e  _Atan                   
0000cd1c  main                    
0000cf8e  __mspabi_mpyd           
0000d1fc  __TI_frcaddd            
0000d45c  __mspabi_divd           
0000d694  sqrt                    
0000d88c  _Dscale                 
0000da40  acos                    
0000dcba  _Dnorm                  
0000ddca  __mspabi_cmpd           
0000dea6  _Dint                   
0000df72  __TI_printfi_minimal    
0000e03c  round                   
0000e100  __TI_renormd            
0000e1be  __mspabi_fltlid         
0000e260  USCIAB0TX_ISR           
0000e2f6  _Dunscale               
0000e372  __mspabi_fixdli         
0000e448  __mspabi_srll_15        
0000e44e  __mspabi_srll_14        
0000e454  __mspabi_srll_13        
0000e45a  __mspabi_srll_12        
0000e460  __mspabi_srll_11        
0000e466  __mspabi_srll_10        
0000e46c  __mspabi_srll_9         
0000e472  __mspabi_srll_8         
0000e478  __mspabi_srll_7         
0000e47e  __mspabi_srll_6         
0000e484  __mspabi_srll_5         
0000e48a  __mspabi_srll_4         
0000e490  __mspabi_srll_3         
0000e496  __mspabi_srll_2         
0000e49c  __mspabi_srll_1         
0000e4a4  _auto_init              
0000e5a0  getMotion6              
0000e5ee  __mspabi_srli           
0000e5fc  __mspabi_srli_15        
0000e600  __mspabi_srli_14        
0000e604  __mspabi_srli_13        
0000e608  __mspabi_srli_12        
0000e60c  __mspabi_srli_11        
0000e610  __mspabi_srli_10        
0000e614  __mspabi_srli_9         
0000e618  __mspabi_srli_8         
0000e61c  __mspabi_srli_7         
0000e620  __mspabi_srli_6         
0000e624  __mspabi_srli_5         
0000e628  __mspabi_srli_4         
0000e62c  __mspabi_srli_3         
0000e630  __mspabi_srli_2         
0000e634  __mspabi_srli_1         
0000e682  __mspabi_sral_15        
0000e686  __mspabi_sral_14        
0000e68a  __mspabi_sral_13        
0000e68e  __mspabi_sral_12        
0000e692  __mspabi_sral_11        
0000e696  __mspabi_sral_10        
0000e69a  __mspabi_sral_9         
0000e69e  __mspabi_sral_8         
0000e6a2  __mspabi_sral_7         
0000e6a6  __mspabi_sral_6         
0000e6aa  __mspabi_sral_5         
0000e6ae  __mspabi_sral_4         
0000e6b2  __mspabi_sral_3         
0000e6b6  __mspabi_sral_2         
0000e6ba  __mspabi_sral_1         
0000e6c0  __mspabi_slll_15        
0000e6c4  __mspabi_slll_14        
0000e6c8  __mspabi_slll_13        
0000e6cc  __mspabi_slll_12        
0000e6d0  __mspabi_slll_11        
0000e6d4  __mspabi_slll_10        
0000e6d8  __mspabi_slll_9         
0000e6dc  __mspabi_slll_8         
0000e6e0  __mspabi_slll_7         
0000e6e4  __mspabi_slll_6         
0000e6e8  __mspabi_slll_5         
0000e6ec  __mspabi_slll_4         
0000e6f0  __mspabi_slll_3         
0000e6f4  __mspabi_slll_2         
0000e6f8  __mspabi_slll_1         
0000e6fe  ReadBytes               
0000e736  signal                  
0000e76e  sprintf                 
0000e7a6  Init_i2c                
0000e7dc  _Feraise                
0000e80e  raise                   
0000e840  UART_Write_String       
0000e86e  WriteBytes              
0000e89c  __mspabi_subd           
0000e8f8  feraiseexcept           
0000e926  __mspabi_srai           
0000e932  __mspabi_srai_15        
0000e934  __mspabi_srai_14        
0000e936  __mspabi_srai_13        
0000e938  __mspabi_srai_12        
0000e93a  __mspabi_srai_11        
0000e93c  __mspabi_srai_10        
0000e93e  __mspabi_srai_9         
0000e940  __mspabi_srai_8         
0000e942  __mspabi_srai_7         
0000e944  __mspabi_srai_6         
0000e946  __mspabi_srai_5         
0000e948  __mspabi_srai_4         
0000e94a  __mspabi_srai_3         
0000e94c  __mspabi_srai_2         
0000e94e  __mspabi_srai_1         
0000e952  __mspabi_divi           
0000e952  __mspabi_remi           
0000e97e  __mspabi_slli           
0000e98a  __mspabi_slli_15        
0000e98c  __mspabi_slli_14        
0000e98e  __mspabi_slli_13        
0000e990  __mspabi_slli_12        
0000e992  __mspabi_slli_11        
0000e994  __mspabi_slli_10        
0000e996  __mspabi_slli_9         
0000e998  __mspabi_slli_8         
0000e99a  __mspabi_slli_7         
0000e99c  __mspabi_slli_6         
0000e99e  __mspabi_slli_5         
0000e9a0  __mspabi_slli_4         
0000e9a2  __mspabi_slli_3         
0000e9a4  __mspabi_slli_2         
0000e9a6  __mspabi_slli_1         
0000e9aa  __mspabi_negd           
0000e9d4  initUart                
0000e9fe  __mspabi_fixdi          
0000ea26  __mspabi_mpyl           
0000ea26  __mspabi_mpyl_sw        
0000ea4c  transmitIni             
0000ea6a  _c_int00_noargs_noexit  
0000ea9e  memccpy                 
0000ead0  initializeIMU           
0000eae8  __mspabi_divu           
0000eae8  __mspabi_remu           
0000eafe  __TI_zero_init          
0000eb12  memset                  
0000eb26  __mspabi_mpyi           
0000eb26  __mspabi_mpyi_sw        
0000eb4c  __TI_decompress_none    
0000eb5e  __mspabi_srll           
0000eb70  memcpy                  
0000eb82  __mspabi_sral           
0000eb92  __mspabi_slll           
0000eba2  __mspabi_func_epilog_7  
0000eba4  __mspabi_func_epilog_6  
0000eba6  __mspabi_func_epilog_5  
0000eba8  __mspabi_func_epilog_4  
0000ebaa  __mspabi_func_epilog_3  
0000ebac  __mspabi_func_epilog_2  
0000ebae  __mspabi_func_epilog_1  
0000ebb2  strlen                  
0000ebc0  UART_Write_Char         
0000ebcc  __mspabi_fltid          
0000ebd8  __TI_ISR_TRAP           
0000ebde  __TI_decompress_rle24   
0000ebe4  _system_pre_init        
0000ebe8  C$$EXIT                 
0000ebe8  abort                   
0000ebec  _nop                    
0000ece2  __TI_Handler_Table_Base 
0000ece8  __TI_Handler_Table_Limit
0000ecec  __TI_CINIT_Base         
0000ecf4  __TI_CINIT_Limit        
0000ffe4  __TI_int02              
0000ffe6  __TI_int03              
0000ffea  __TI_int05              
0000ffec  __TI_int06              
0000ffee  __TI_int07              
0000fff0  __TI_int08              
0000fff2  __TI_int09              
0000fff4  __TI_int10              
0000fff6  __TI_int11              
0000fff8  __TI_int12              
0000fffa  __TI_int13              
0000fffc  __TI_int14              
0000fffe  _reset_vector           
ffffffff  __binit__               
ffffffff  __c_args__              
ffffffff  binit                   
UNDEFED   __TI_INITARRAY_Base     
UNDEFED   __TI_INITARRAY_Limit    

[319 symbols]
